Archive member included to satisfy reference by file (symbol)

C:/ST/STM32CubeIDE_1.13.0/STM32CubeIDE/plugins/com.st.stm32cube.ide.mcu.externaltools.gnu-tools-for-stm32.11.3.rel1.win32_1.1.0.202305231506/tools/bin/../lib/gcc/arm-none-eabi/11.3.1/../../../../arm-none-eabi/lib/thumb/v7e-m+fp/hard\libc_nano.a(libc_a-exit.o)
                              C:/ST/STM32CubeIDE_1.13.0/STM32CubeIDE/plugins/com.st.stm32cube.ide.mcu.externaltools.gnu-tools-for-stm32.11.3.rel1.win32_1.1.0.202305231506/tools/bin/../lib/gcc/arm-none-eabi/11.3.1/../../../../arm-none-eabi/lib/thumb/v7e-m+fp/hard/crt0.o (exit)
C:/ST/STM32CubeIDE_1.13.0/STM32CubeIDE/plugins/com.st.stm32cube.ide.mcu.externaltools.gnu-tools-for-stm32.11.3.rel1.win32_1.1.0.202305231506/tools/bin/../lib/gcc/arm-none-eabi/11.3.1/../../../../arm-none-eabi/lib/thumb/v7e-m+fp/hard\libc_nano.a(libc_a-findfp.o)
                              C:/ST/STM32CubeIDE_1.13.0/STM32CubeIDE/plugins/com.st.stm32cube.ide.mcu.externaltools.gnu-tools-for-stm32.11.3.rel1.win32_1.1.0.202305231506/tools/bin/../lib/gcc/arm-none-eabi/11.3.1/../../../../arm-none-eabi/lib/thumb/v7e-m+fp/hard\libc_nano.a(libc_a-exit.o) (__stdio_exit_handler)
C:/ST/STM32CubeIDE_1.13.0/STM32CubeIDE/plugins/com.st.stm32cube.ide.mcu.externaltools.gnu-tools-for-stm32.11.3.rel1.win32_1.1.0.202305231506/tools/bin/../lib/gcc/arm-none-eabi/11.3.1/../../../../arm-none-eabi/lib/thumb/v7e-m+fp/hard\libc_nano.a(libc_a-fwalk.o)
                              C:/ST/STM32CubeIDE_1.13.0/STM32CubeIDE/plugins/com.st.stm32cube.ide.mcu.externaltools.gnu-tools-for-stm32.11.3.rel1.win32_1.1.0.202305231506/tools/bin/../lib/gcc/arm-none-eabi/11.3.1/../../../../arm-none-eabi/lib/thumb/v7e-m+fp/hard\libc_nano.a(libc_a-findfp.o) (_fwalk_sglue)
C:/ST/STM32CubeIDE_1.13.0/STM32CubeIDE/plugins/com.st.stm32cube.ide.mcu.externaltools.gnu-tools-for-stm32.11.3.rel1.win32_1.1.0.202305231506/tools/bin/../lib/gcc/arm-none-eabi/11.3.1/../../../../arm-none-eabi/lib/thumb/v7e-m+fp/hard\libc_nano.a(libc_a-sprintf.o)
                              ./Core/Src/main.o (sprintf)
C:/ST/STM32CubeIDE_1.13.0/STM32CubeIDE/plugins/com.st.stm32cube.ide.mcu.externaltools.gnu-tools-for-stm32.11.3.rel1.win32_1.1.0.202305231506/tools/bin/../lib/gcc/arm-none-eabi/11.3.1/../../../../arm-none-eabi/lib/thumb/v7e-m+fp/hard\libc_nano.a(libc_a-stdio.o)
                              C:/ST/STM32CubeIDE_1.13.0/STM32CubeIDE/plugins/com.st.stm32cube.ide.mcu.externaltools.gnu-tools-for-stm32.11.3.rel1.win32_1.1.0.202305231506/tools/bin/../lib/gcc/arm-none-eabi/11.3.1/../../../../arm-none-eabi/lib/thumb/v7e-m+fp/hard\libc_nano.a(libc_a-findfp.o) (__sread)
C:/ST/STM32CubeIDE_1.13.0/STM32CubeIDE/plugins/com.st.stm32cube.ide.mcu.externaltools.gnu-tools-for-stm32.11.3.rel1.win32_1.1.0.202305231506/tools/bin/../lib/gcc/arm-none-eabi/11.3.1/../../../../arm-none-eabi/lib/thumb/v7e-m+fp/hard\libc_nano.a(libc_a-memset.o)
                              C:/ST/STM32CubeIDE_1.13.0/STM32CubeIDE/plugins/com.st.stm32cube.ide.mcu.externaltools.gnu-tools-for-stm32.11.3.rel1.win32_1.1.0.202305231506/tools/bin/../lib/gcc/arm-none-eabi/11.3.1/../../../../arm-none-eabi/lib/thumb/v7e-m+fp/hard/crt0.o (memset)
C:/ST/STM32CubeIDE_1.13.0/STM32CubeIDE/plugins/com.st.stm32cube.ide.mcu.externaltools.gnu-tools-for-stm32.11.3.rel1.win32_1.1.0.202305231506/tools/bin/../lib/gcc/arm-none-eabi/11.3.1/../../../../arm-none-eabi/lib/thumb/v7e-m+fp/hard\libc_nano.a(libc_a-strstr.o)
                              ./Core/Src/main.o (strstr)
C:/ST/STM32CubeIDE_1.13.0/STM32CubeIDE/plugins/com.st.stm32cube.ide.mcu.externaltools.gnu-tools-for-stm32.11.3.rel1.win32_1.1.0.202305231506/tools/bin/../lib/gcc/arm-none-eabi/11.3.1/../../../../arm-none-eabi/lib/thumb/v7e-m+fp/hard\libc_nano.a(libc_a-closer.o)
                              C:/ST/STM32CubeIDE_1.13.0/STM32CubeIDE/plugins/com.st.stm32cube.ide.mcu.externaltools.gnu-tools-for-stm32.11.3.rel1.win32_1.1.0.202305231506/tools/bin/../lib/gcc/arm-none-eabi/11.3.1/../../../../arm-none-eabi/lib/thumb/v7e-m+fp/hard\libc_nano.a(libc_a-stdio.o) (_close_r)
C:/ST/STM32CubeIDE_1.13.0/STM32CubeIDE/plugins/com.st.stm32cube.ide.mcu.externaltools.gnu-tools-for-stm32.11.3.rel1.win32_1.1.0.202305231506/tools/bin/../lib/gcc/arm-none-eabi/11.3.1/../../../../arm-none-eabi/lib/thumb/v7e-m+fp/hard\libc_nano.a(libc_a-reent.o)
                              C:/ST/STM32CubeIDE_1.13.0/STM32CubeIDE/plugins/com.st.stm32cube.ide.mcu.externaltools.gnu-tools-for-stm32.11.3.rel1.win32_1.1.0.202305231506/tools/bin/../lib/gcc/arm-none-eabi/11.3.1/../../../../arm-none-eabi/lib/thumb/v7e-m+fp/hard\libc_nano.a(libc_a-closer.o) (errno)
C:/ST/STM32CubeIDE_1.13.0/STM32CubeIDE/plugins/com.st.stm32cube.ide.mcu.externaltools.gnu-tools-for-stm32.11.3.rel1.win32_1.1.0.202305231506/tools/bin/../lib/gcc/arm-none-eabi/11.3.1/../../../../arm-none-eabi/lib/thumb/v7e-m+fp/hard\libc_nano.a(libc_a-impure.o)
[...]
Memory Configuration

Name             Origin             Length             Attributes
CCMRAM           0x0000000010000000 0x0000000000010000 xrw
RAM              0x0000000020000000 0x0000000000020000 xrw
FLASH            0x0000000008000000 0x0000000000100000 xr
*default*        0x0000000000000000 0xffffffffffffffff

Linker script and memory map

LOAD C:/ST/STM32CubeIDE_1.13.0/STM32CubeIDE/plugins/com.st.stm32cube.ide.mcu.externaltools.gnu-tools-for-stm32.11.3.rel1.win32_1.1.0.202305231506/tools/bin/../lib/gcc/arm-none-eabi/11.3.1/thumb/v7e-m+fp/hard/crti.o
LOAD C:/ST/STM32CubeIDE_1.13.0/STM32CubeIDE/plugins/com.st.stm32cube.ide.mcu.externaltools.gnu-tools-for-stm32.11.3.rel1.win32_1.1.0.202305231506/tools/bin/../lib/gcc/arm-none-eabi/11.3.1/thumb/v7e-m+fp/hard/crtbegin.o
LOAD C:/ST/STM32CubeIDE_1.13.0/STM32CubeIDE/plugins/com.st.stm32cube.ide.mcu.externaltools.gnu-tools-for-stm32.11.3.rel1.win32_1.1.0.202305231506/tools/bin/../lib/gcc/arm-none-eabi/11.3.1/../../../../arm-none-eabi/lib/thumb/v7e-m+fp/hard/crt0.o
LOAD ./Core/Src/fatfs_sd_card.o
LOAD ./Core/Src/main.o
LOAD ./Core/Src/stm32f4xx_hal_msp.o
LOAD ./Core/Src/stm32f4xx_it.o
LOAD ./Core/Src/syscalls.o
LOAD ./Core/Src/sysmem.o
LOAD ./Core/Src/system_stm32f4xx.o
LOAD ./Core/Startup/startup_stm32f407vgtx.o
LOAD ./Drivers/STM32F4xx_HAL_Driver/Src/stm32f4xx_hal.o
LOAD ./Drivers/STM32F4xx_HAL_Driver/Src/stm32f4xx_hal_cortex.o
LOAD ./Drivers/STM32F4xx_HAL_Driver/Src/stm32f4xx_hal_dma.o
LOAD ./Drivers/STM32F4xx_HAL_Driver/Src/stm32f4xx_hal_dma_ex.o
LOAD ./Drivers/STM32F4xx_HAL_Driver/Src/stm32f4xx_hal_exti.o
LOAD ./Drivers/STM32F4xx_HAL_Driver/Src/stm32f4xx_hal_flash.o
LOAD ./Drivers/STM32F4xx_HAL_Driver/Src/stm32f4xx_hal_flash_ex.o
LOAD ./Drivers/STM32F4xx_HAL_Driver/Src/stm32f4xx_hal_flash_ramfunc.o
LOAD ./Drivers/STM32F4xx_HAL_Driver/Src/stm32f4xx_hal_gpio.o
LOAD ./Drivers/STM32F4xx_HAL_Driver/Src/stm32f4xx_hal_pwr.o
LOAD ./Drivers/STM32F4xx_HAL_Driver/Src/stm32f4xx_hal_pwr_ex.o
LOAD ./Drivers/STM32F4xx_HAL_Driver/Src/stm32f4xx_hal_rcc.o
LOAD ./Drivers/STM32F4xx_HAL_Driver/Src/stm32f4xx_hal_rcc_ex.o
LOAD ./Drivers/STM32F4xx_HAL_Driver/Src/stm32f4xx_hal_rtc.o
LOAD ./Drivers/STM32F4xx_HAL_Driver/Src/stm32f4xx_hal_rtc_ex.o
LOAD ./Drivers/STM32F4xx_HAL_Driver/Src/stm32f4xx_hal_spi.o
LOAD ./Drivers/STM32F4xx_HAL_Driver/Src/stm32f4xx_hal_tim.o
LOAD ./Drivers/STM32F4xx_HAL_Driver/Src/stm32f4xx_hal_tim_ex.o
LOAD ./Drivers/STM32F4xx_HAL_Driver/Src/stm32f4xx_hal_uart.o
LOAD ./FATFS/App/fatfs.o
LOAD ./FATFS/Target/user_diskio.o
LOAD ./Middlewares/Third_Party/FatFs/src/diskio.o
LOAD ./Middlewares/Third_Party/FatFs/src/ff.o
LOAD ./Middlewares/Third_Party/FatFs/src/ff_gen_drv.o
LOAD ./Middlewares/Third_Party/FatFs/src/option/ccsbcs.o
LOAD ./Middlewares/Third_Party/FatFs/src/option/syscall.o
START GROUP
LOAD C:/ST/STM32CubeIDE_1.13.0/STM32CubeIDE/plugins/com.st.stm32cube.ide.mcu.externaltools.gnu-tools-for-stm32.11.3.rel1.win32_1.1.0.202305231506/tools/bin/../lib/gcc/arm-none-eabi/11.3.1/../../../../arm-none-eabi/lib/thumb/v7e-m+fp/hard\libc_nano.a
LOAD C:/ST/STM32CubeIDE_1.13.0/STM32CubeIDE/plugins/com.st.stm32cube.ide.mcu.externaltools.gnu-tools-for-stm32.11.3.rel1.win32_1.1.0.202305231506/tools/bin/../lib/gcc/arm-none-eabi/11.3.1/../../../../arm-none-eabi/lib/thumb/v7e-m+fp/hard\libm.a
END GROUP
START GROUP
LOAD C:/ST/STM32CubeIDE_1.13.0/STM32CubeIDE/plugins/com.st.stm32cube.ide.mcu.externaltools.gnu-tools-for-stm32.11.3.rel1.win32_1.1.0.202305231506/tools/bin/../lib/gcc/arm-none-eabi/11.3.1/thumb/v7e-m+fp/hard\libgcc.a
LOAD C:/ST/STM32CubeIDE_1.13.0/STM32CubeIDE/plugins/com.st.stm32cube.ide.mcu.externaltools.gnu-tools-for-stm32.11.3.rel1.win32_1.1.0.202305231506/tools/bin/../lib/gcc/arm-none-eabi/11.3.1/../../../../arm-none-eabi/lib/thumb/v7e-m+fp/hard\libc_nano.a
END GROUP
START GROUP
LOAD C:/ST/STM32CubeIDE_1.13.0/STM32CubeIDE/plugins/com.st.stm32cube.ide.mcu.externaltools.gnu-tools-for-stm32.11.3.rel1.win32_1.1.0.202305231506/tools/bin/../lib/gcc/arm-none-eabi/11.3.1/thumb/v7e-m+fp/hard\libgcc.a
LOAD C:/ST/STM32CubeIDE_1.13.0/STM32CubeIDE/plugins/com.st.stm32cube.ide.mcu.externaltools.gnu-tools-for-stm32.11.3.rel1.win32_1.1.0.202305231506/tools/bin/../lib/gcc/arm-none-eabi/11.3.1/../../../../arm-none-eabi/lib/thumb/v7e-m+fp/hard\libc_nano.a
LOAD C:/ST/STM32CubeIDE_1.13.0/STM32CubeIDE/plugins/com.st.stm32cube.ide.mcu.externaltools.gnu-tools-for-stm32.11.3.rel1.win32_1.1.0.202305231506/tools/bin/../lib/gcc/arm-none-eabi/11.3.1/../../../../arm-none-eabi/lib/thumb/v7e-m+fp/hard\libnosys.a
END GROUP
START GROUP
LOAD C:/ST/STM32CubeIDE_1.13.0/STM32CubeIDE/plugins/com.st.stm32cube.ide.mcu.externaltools.gnu-tools-for-stm32.11.3.rel1.win32_1.1.0.202305231506/tools/bin/../lib/gcc/arm-none-eabi/11.3.1/thumb/v7e-m+fp/hard\libgcc.a
LOAD C:/ST/STM32CubeIDE_1.13.0/STM32CubeIDE/plugins/com.st.stm32cube.ide.mcu.externaltools.gnu-tools-for-stm32.11.3.rel1.win32_1.1.0.202305231506/tools/bin/../lib/gcc/arm-none-eabi/11.3.1/../../../../arm-none-eabi/lib/thumb/v7e-m+fp/hard\libc_nano.a
LOAD C:/ST/STM32CubeIDE_1.13.0/STM32CubeIDE/plugins/com.st.stm32cube.ide.mcu.externaltools.gnu-tools-for-stm32.11.3.rel1.win32_1.1.0.202305231506/tools/bin/../lib/gcc/arm-none-eabi/11.3.1/../../../../arm-none-eabi/lib/thumb/v7e-m+fp/hard\libnosys.a
END GROUP
LOAD C:/ST/STM32CubeIDE_1.13.0/STM32CubeIDE/plugins/com.st.stm32cube.ide.mcu.externaltools.gnu-tools-for-stm32.11.3.rel1.win32_1.1.0.202305231506/tools/bin/../lib/gcc/arm-none-eabi/11.3.1/thumb/v7e-m+fp/hard/crtend.o
LOAD C:/ST/STM32CubeIDE_1.13.0/STM32CubeIDE/plugins/com.st.stm32cube.ide.mcu.externaltools.gnu-tools-for-stm32.11.3.rel1.win32_1.1.0.202305231506/tools/bin/../lib/gcc/arm-none-eabi/11.3.1/thumb/v7e-m+fp/hard/crtn.o
                0x0000000020020000                _estack = (ORIGIN (RAM) + LENGTH (RAM))
                0x0000000000000200                _Min_Heap_Size = 0x200
                0x0000000000000400                _Min_Stack_Size = 0x400

.isr_vector     0x0000000008000000      0x188
                0x0000000008000000                . = ALIGN (0x4)
 *(.isr_vector)
 .isr_vector    0x0000000008000000      0x188 ./Core/Startup/startup_stm32f407vgtx.o
                0x0000000008000000                g_pfnVectors
                0x0000000008000188                . = ALIGN (0x4)

.text           0x0000000008000190     0x88f4
                0x0000000008000190                . = ALIGN (0x4)
 *(.text)
 .text          0x0000000008000190       0x40 C:/ST/STM32CubeIDE_1.13.0/STM32CubeIDE/plugins/com.st.stm32cube.ide.mcu.externaltools.gnu-tools-for-stm32.11.3.rel1.win32_1.1.0.202305231506/tools/bin/../lib/gcc/arm-none-eabi/11.3.1/thumb/v7e-m+fp/hard/crtbegin.o
 .text          0x00000000080001d0       0x14 C:/ST/STM32CubeIDE_1.13.0/STM32CubeIDE/plugins/com.st.stm32cube.ide.mcu.externaltools.gnu-tools-for-stm32.11.3.rel1.win32_1.1.0.202305231506/tools/bin/../lib/gcc/arm-none-eabi/11.3.1/../../../../arm-none-eabi/lib/thumb/v7e-m+fp/hard\libc_nano.a(libc_a-strcmp.o)
                0x00000000080001d0                strcmp
 .text          0x00000000080001e4       0x10 C:/ST/STM32CubeIDE_1.13.0/STM32CubeIDE/plugins/com.st.stm32cube.ide.mcu.externaltools.gnu-tools-for-stm32.11.3.rel1.win32_1.1.0.202305231506/tools/bin/../lib/gcc/arm-none-eabi/11.3.1/../../../../arm-none-eabi/lib/thumb/v7e-m+fp/hard\libc_nano.a(libc_a-strlen.o)
                0x00000000080001e4                strlen
 *fill*         0x00000000080001f4        0xc 
 .text          0x0000000008000200       0xa0 C:/ST/STM32CubeIDE_1.13.0/STM32CubeIDE/plugins/com.st.stm32cube.ide.mcu.externaltools.gnu-tools-for-stm32.11.3.rel1.win32_1.1.0.202305231506/tools/bin/../lib/gcc/arm-none-eabi/11.3.1/../../../../arm-none-eabi/lib/thumb/v7e-m+fp/hard\libc_nano.a(libc_a-memchr.o)
                0x0000000008000200                memchr
 .text          0x00000000080002a0       0x30 C:/ST/STM32CubeIDE_1.13.0/STM32CubeIDE/plugins/com.st.stm32cube.ide.mcu.externaltools.gnu-tools-for-stm32.11.3.rel1.win32_1.1.0.202305231506/tools/bin/../lib/gcc/arm-none-eabi/11.3.1/thumb/v7e-m+fp/hard\libgcc.a(_aeabi_uldivmod.o)
                0x00000000080002a0                __aeabi_uldivmod
 .text          0x00000000080002d0      0x2c8 C:/ST/STM32CubeIDE_1.13.0/STM32CubeIDE/plugins/com.st.stm32cube.ide.mcu.externaltools.gnu-tools-for-stm32.11.3.rel1.win32_1.1.0.202305231506/tools/bin/../lib/gcc/arm-none-eabi/11.3.1/thumb/v7e-m+fp/hard\libgcc.a(_udivmoddi4.o)
                0x00000000080002d0                __udivmoddi4
 .text          0x0000000008000598        0x4 C:/ST/STM32CubeIDE_1.13.0/STM32CubeIDE/plugins/com.st.stm32cube.ide.mcu.externaltools.gnu-tools-for-stm32.11.3.rel1.win32_1.1.0.202305231506/tools/bin/../lib/gcc/arm-none-eabi/11.3.1/thumb/v7e-m+fp/hard\libgcc.a(_dvmd_tls.o)
                0x0000000008000598                __aeabi_idiv0
                0x0000000008000598                __aeabi_ldiv0
 *(.text*)
 .text.SELECT   0x000000000800059c       0x20 ./Core/Src/fatfs_sd_card.o
 .text.DESELECT
                0x00000000080005bc       0x20 ./Core/Src/fatfs_sd_card.o
 .text.SPI_TxByte
                0x00000000080005dc       0x34 ./Core/Src/fatfs_sd_card.o
 .text.SPI_TxBuffer
                0x0000000008000610       0x34 ./Core/Src/fatfs_sd_card.o
 .text.SPI_RxByte
                0x0000000008000644       0x38 ./Core/Src/fatfs_sd_card.o
 .text.SPI_RxBytePtr
                0x000000000800067c       0x1c ./Core/Src/fatfs_sd_card.o
 .text.SD_ReadyWait
                0x0000000008000698       0x34 ./Core/Src/fatfs_sd_card.o
 .text.SD_PowerOn
                0x00000000080006cc       0x84 ./Core/Src/fatfs_sd_card.o
 .text.SD_PowerOff
                0x0000000008000750       0x18 ./Core/Src/fatfs_sd_card.o
 .text.SD_CheckPower
                0x0000000008000768       0x18 ./Core/Src/fatfs_sd_card.o
 .text.SD_RxDataBlock
                0x0000000008000780       0x5c ./Core/Src/fatfs_sd_card.o
 .text.SD_TxDataBlock
                0x00000000080007dc       0x86 ./Core/Src/fatfs_sd_card.o
 .text.SD_SendCmd
                0x0000000008000862       0xa8 ./Core/Src/fatfs_sd_card.o
 *fill*         0x000000000800090a        0x2 
 .text.SD_disk_initialize
                0x000000000800090c      0x1cc ./Core/Src/fatfs_sd_card.o
                0x000000000800090c                SD_disk_initialize
 .text.SD_disk_status
                0x0000000008000ad8       0x2c ./Core/Src/fatfs_sd_card.o
                0x0000000008000ad8                SD_disk_status
 .text.SD_disk_read
                0x0000000008000b04       0xd4 ./Core/Src/fatfs_sd_card.o
                0x0000000008000b04                SD_disk_read
 .text.SD_disk_write
                0x0000000008000bd8      0x108 ./Core/Src/fatfs_sd_card.o
                0x0000000008000bd8                SD_disk_write
 .text.SD_disk_ioctl
                0x0000000008000ce0      0x258 ./Core/Src/fatfs_sd_card.o
                0x0000000008000ce0                SD_disk_ioctl
 .text.UartBufferReset
                0x0000000008000f38       0x44 ./Core/Src/main.o
                0x0000000008000f38                UartBufferReset
 .text.send_uart
                0x0000000008000f7c       0x3c ./Core/Src/main.o
                0x0000000008000f7c                send_uart
 .text.main     0x0000000008000fb8      0x550 ./Core/Src/main.o
                0x0000000008000fb8                main
 .text.SystemClock_Config
                0x0000000008001508       0xd8 ./Core/Src/main.o
                0x0000000008001508                SystemClock_Config
 .text.MX_RTC_Init
                0x00000000080015e0       0xb4 ./Core/Src/main.o
 .text.MX_SPI2_Init
                0x0000000008001694       0x6c ./Core/Src/main.o
 .text.MX_UART5_Init
                0x0000000008001700       0x54 ./Core/Src/main.o
 .text.MX_GPIO_Init
                0x0000000008001754      0x10c ./Core/Src/main.o
 .text.HAL_UART_RxCpltCallback
                0x0000000008001860       0x6c ./Core/Src/main.o
                0x0000000008001860                HAL_UART_RxCpltCallback
 .text.process_SD_card
                0x00000000080018cc       0xcc ./Core/Src/main.o
                0x00000000080018cc                process_SD_card
 .text.Error_Handler
                0x0000000008001998        0xa ./Core/Src/main.o
                0x0000000008001998                Error_Handler
 *fill*         0x00000000080019a2        0x2 
 .text.HAL_MspInit
                0x00000000080019a4       0x50 ./Core/Src/stm32f4xx_hal_msp.o
                0x00000000080019a4                HAL_MspInit
 .text.HAL_RTC_MspInit
                0x00000000080019f4       0x54 ./Core/Src/stm32f4xx_hal_msp.o
                0x00000000080019f4                HAL_RTC_MspInit
 .text.HAL_SPI_MspInit
                0x0000000008001a48       0xd0 ./Core/Src/stm32f4xx_hal_msp.o
                0x0000000008001a48                HAL_SPI_MspInit
 .text.HAL_UART_MspInit
                0x0000000008001b18       0xe0 ./Core/Src/stm32f4xx_hal_msp.o
                0x0000000008001b18                HAL_UART_MspInit
 .text.NMI_Handler
                0x0000000008001bf8        0x6 ./Core/Src/stm32f4xx_it.o
                0x0000000008001bf8                NMI_Handler
 .text.HardFault_Handler
                0x0000000008001bfe        0x6 ./Core/Src/stm32f4xx_it.o
                0x0000000008001bfe                HardFault_Handler
 .text.MemManage_Handler
                0x0000000008001c04        0x6 ./Core/Src/stm32f4xx_it.o
                0x0000000008001c04                MemManage_Handler
 .text.BusFault_Handler
                0x0000000008001c0a        0x6 ./Core/Src/stm32f4xx_it.o
                0x0000000008001c0a                BusFault_Handler
 .text.UsageFault_Handler
                0x0000000008001c10        0x6 ./Core/Src/stm32f4xx_it.o
                0x0000000008001c10                UsageFault_Handler
 .text.SVC_Handler
                0x0000000008001c16        0xe ./Core/Src/stm32f4xx_it.o
                0x0000000008001c16                SVC_Handler
 .text.DebugMon_Handler
                0x0000000008001c24        0xe ./Core/Src/stm32f4xx_it.o
                0x0000000008001c24                DebugMon_Handler
 .text.PendSV_Handler
                0x0000000008001c32        0xe ./Core/Src/stm32f4xx_it.o
                0x0000000008001c32                PendSV_Handler
 .text.SysTick_Handler
                0x0000000008001c40       0x3c ./Core/Src/stm32f4xx_it.o
                0x0000000008001c40                SysTick_Handler
 .text.UART5_IRQHandler
                0x0000000008001c7c       0x14 ./Core/Src/stm32f4xx_it.o
                0x0000000008001c7c                UART5_IRQHandler
 .text._sbrk    0x0000000008001c90       0x6c ./Core/Src/sysmem.o
                0x0000000008001c90                _sbrk
 .text.SystemInit
                0x0000000008001cfc       0x24 ./Core/Src/system_stm32f4xx.o
                0x0000000008001cfc                SystemInit
 .text.Reset_Handler
                0x0000000008001d20       0x50 ./Core/Startup/startup_stm32f407vgtx.o
                0x0000000008001d20                Reset_Handler
 .text.Default_Handler
                0x0000000008001d70        0x2 ./Core/Startup/startup_stm32f407vgtx.o
                0x0000000008001d70                RTC_Alarm_IRQHandler
                0x0000000008001d70                HASH_RNG_IRQHandler
                0x0000000008001d70                EXTI2_IRQHandler
                0x0000000008001d70                TIM8_CC_IRQHandler
                0x0000000008001d70                TIM1_CC_IRQHandler
                0x0000000008001d70                DMA2_Stream5_IRQHandler
                0x0000000008001d70                DMA1_Stream5_IRQHandler
                0x0000000008001d70                PVD_IRQHandler
                0x0000000008001d70                SDIO_IRQHandler
                0x0000000008001d70                TAMP_STAMP_IRQHandler
                0x0000000008001d70                CAN2_RX1_IRQHandler
                0x0000000008001d70                EXTI3_IRQHandler
                0x0000000008001d70                TIM8_TRG_COM_TIM14_IRQHandler
                0x0000000008001d70                TIM1_UP_TIM10_IRQHandler
                0x0000000008001d70                TIM8_UP_TIM13_IRQHandler
                0x0000000008001d70                I2C3_ER_IRQHandler
                0x0000000008001d70                EXTI0_IRQHandler
                0x0000000008001d70                I2C2_EV_IRQHandler
                0x0000000008001d70                DMA1_Stream2_IRQHandler
                0x0000000008001d70                CAN1_RX0_IRQHandler
                0x0000000008001d70                FPU_IRQHandler
                0x0000000008001d70                OTG_HS_WKUP_IRQHandler
                0x0000000008001d70                CAN2_SCE_IRQHandler
                0x0000000008001d70                DMA2_Stream2_IRQHandler
                0x0000000008001d70                SPI1_IRQHandler
                0x0000000008001d70                TIM6_DAC_IRQHandler
                0x0000000008001d70                TIM1_BRK_TIM9_IRQHandler
                0x0000000008001d70                DCMI_IRQHandler
                0x0000000008001d70                CAN2_RX0_IRQHandler
                0x0000000008001d70                DMA2_Stream3_IRQHandler
                0x0000000008001d70                USART6_IRQHandler
                0x0000000008001d70                USART3_IRQHandler
                0x0000000008001d70                CAN1_RX1_IRQHandler
                0x0000000008001d70                DMA2_Stream0_IRQHandler
                0x0000000008001d70                TIM4_IRQHandler
                0x0000000008001d70                I2C1_EV_IRQHandler
                0x0000000008001d70                DMA1_Stream6_IRQHandler
                0x0000000008001d70                DMA1_Stream1_IRQHandler
                0x0000000008001d70                UART4_IRQHandler
                0x0000000008001d70                TIM3_IRQHandler
                0x0000000008001d70                RCC_IRQHandler
                0x0000000008001d70                TIM8_BRK_TIM12_IRQHandler
                0x0000000008001d70                Default_Handler
                0x0000000008001d70                EXTI15_10_IRQHandler
                0x0000000008001d70                ADC_IRQHandler
                0x0000000008001d70                DMA1_Stream7_IRQHandler
                0x0000000008001d70                TIM7_IRQHandler
                0x0000000008001d70                CAN2_TX_IRQHandler
                0x0000000008001d70                TIM5_IRQHandler
                0x0000000008001d70                DMA2_Stream7_IRQHandler
                0x0000000008001d70                I2C3_EV_IRQHandler
                0x0000000008001d70                EXTI9_5_IRQHandler
                0x0000000008001d70                RTC_WKUP_IRQHandler
                0x0000000008001d70                ETH_WKUP_IRQHandler
                0x0000000008001d70                SPI2_IRQHandler
                0x0000000008001d70                OTG_HS_EP1_IN_IRQHandler
                0x0000000008001d70                DMA1_Stream0_IRQHandler
                0x0000000008001d70                CAN1_TX_IRQHandler
                0x0000000008001d70                EXTI4_IRQHandler
                0x0000000008001d70                FSMC_IRQHandler
                0x0000000008001d70                ETH_IRQHandler
                0x0000000008001d70                OTG_HS_EP1_OUT_IRQHandler
                0x0000000008001d70                WWDG_IRQHandler
                0x0000000008001d70                TIM2_IRQHandler
                0x0000000008001d70                OTG_FS_WKUP_IRQHandler
                0x0000000008001d70                TIM1_TRG_COM_TIM11_IRQHandler
                0x0000000008001d70                OTG_HS_IRQHandler
                0x0000000008001d70                EXTI1_IRQHandler
                0x0000000008001d70                USART2_IRQHandler
                0x0000000008001d70                I2C2_ER_IRQHandler
                0x0000000008001d70                DMA2_Stream1_IRQHandler
                0x0000000008001d70                CAN1_SCE_IRQHandler
                0x0000000008001d70                FLASH_IRQHandler
                0x0000000008001d70                DMA2_Stream4_IRQHandler
                0x0000000008001d70                USART1_IRQHandler
                0x0000000008001d70                OTG_FS_IRQHandler
                0x0000000008001d70                SPI3_IRQHandler
                0x0000000008001d70                DMA1_Stream4_IRQHandler
                0x0000000008001d70                I2C1_ER_IRQHandler
                0x0000000008001d70                DMA2_Stream6_IRQHandler
                0x0000000008001d70                DMA1_Stream3_IRQHandler
 *fill*         0x0000000008001d72        0x2 
 .text.HAL_Init
                0x0000000008001d74       0x44 ./Drivers/STM32F4xx_HAL_Driver/Src/stm32f4xx_hal.o
                0x0000000008001d74                HAL_Init
 .text.HAL_InitTick
                0x0000000008001db8       0x60 ./Drivers/STM32F4xx_HAL_Driver/Src/stm32f4xx_hal.o
                0x0000000008001db8                HAL_InitTick
 .text.HAL_IncTick
                0x0000000008001e18       0x28 ./Drivers/STM32F4xx_HAL_Driver/Src/stm32f4xx_hal.o
                0x0000000008001e18                HAL_IncTick
 .text.HAL_GetTick
                0x0000000008001e40       0x18 ./Drivers/STM32F4xx_HAL_Driver/Src/stm32f4xx_hal.o
                0x0000000008001e40                HAL_GetTick
 .text.HAL_Delay
                0x0000000008001e58       0x48 ./Drivers/STM32F4xx_HAL_Driver/Src/stm32f4xx_hal.o
                0x0000000008001e58                HAL_Delay
 .text.__NVIC_SetPriorityGrouping
                0x0000000008001ea0       0x48 ./Drivers/STM32F4xx_HAL_Driver/Src/stm32f4xx_hal_cortex.o
 .text.__NVIC_GetPriorityGrouping
                0x0000000008001ee8       0x1c ./Drivers/STM32F4xx_HAL_Driver/Src/stm32f4xx_hal_cortex.o
 .text.__NVIC_EnableIRQ
                0x0000000008001f04       0x3c ./Drivers/STM32F4xx_HAL_Driver/Src/stm32f4xx_hal_cortex.o
 .text.__NVIC_SetPriority
                0x0000000008001f40       0x54 ./Drivers/STM32F4xx_HAL_Driver/Src/stm32f4xx_hal_cortex.o
 .text.NVIC_EncodePriority
                0x0000000008001f94       0x66 ./Drivers/STM32F4xx_HAL_Driver/Src/stm32f4xx_hal_cortex.o
 *fill*         0x0000000008001ffa        0x2 
 .text.SysTick_Config
                0x0000000008001ffc       0x44 ./Drivers/STM32F4xx_HAL_Driver/Src/stm32f4xx_hal_cortex.o
 .text.HAL_NVIC_SetPriorityGrouping
                0x0000000008002040       0x16 ./Drivers/STM32F4xx_HAL_Driver/Src/stm32f4xx_hal_cortex.o
                0x0000000008002040                HAL_NVIC_SetPriorityGrouping
 .text.HAL_NVIC_SetPriority
                0x0000000008002056       0x38 ./Drivers/STM32F4xx_HAL_Driver/Src/stm32f4xx_hal_cortex.o
                0x0000000008002056                HAL_NVIC_SetPriority
 .text.HAL_NVIC_EnableIRQ
                0x000000000800208e       0x1c ./Drivers/STM32F4xx_HAL_Driver/Src/stm32f4xx_hal_cortex.o
                0x000000000800208e                HAL_NVIC_EnableIRQ
 .text.HAL_SYSTICK_Config
                0x00000000080020aa       0x18 ./Drivers/STM32F4xx_HAL_Driver/Src/stm32f4xx_hal_cortex.o
                0x00000000080020aa                HAL_SYSTICK_Config
 .text.HAL_DMA_Abort
                0x00000000080020c2       0xe0 ./Drivers/STM32F4xx_HAL_Driver/Src/stm32f4xx_hal_dma.o
                0x00000000080020c2                HAL_DMA_Abort
 .text.HAL_DMA_Abort_IT
                0x00000000080021a2       0x44 ./Drivers/STM32F4xx_HAL_Driver/Src/stm32f4xx_hal_dma.o
                0x00000000080021a2                HAL_DMA_Abort_IT
 *fill*         0x00000000080021e6        0x2 
 .text.HAL_GPIO_Init
                0x00000000080021e8      0x338 ./Drivers/STM32F4xx_HAL_Driver/Src/stm32f4xx_hal_gpio.o
                0x00000000080021e8                HAL_GPIO_Init
 .text.HAL_GPIO_ReadPin
                0x0000000008002520       0x30 ./Drivers/STM32F4xx_HAL_Driver/Src/stm32f4xx_hal_gpio.o
                0x0000000008002520                HAL_GPIO_ReadPin
 .text.HAL_GPIO_WritePin
                0x0000000008002550       0x32 ./Drivers/STM32F4xx_HAL_Driver/Src/stm32f4xx_hal_gpio.o
                0x0000000008002550                HAL_GPIO_WritePin
 *fill*         0x0000000008002582        0x2 
 .text.HAL_RCC_OscConfig
                0x0000000008002584      0x4f0 ./Drivers/STM32F4xx_HAL_Driver/Src/stm32f4xx_hal_rcc.o
                0x0000000008002584                HAL_RCC_OscConfig
 .text.HAL_RCC_ClockConfig
                0x0000000008002a74      0x1cc ./Drivers/STM32F4xx_HAL_Driver/Src/stm32f4xx_hal_rcc.o
                0x0000000008002a74                HAL_RCC_ClockConfig
 .text.HAL_RCC_GetSysClockFreq
                0x0000000008002c40      0x20c ./Drivers/STM32F4xx_HAL_Driver/Src/stm32f4xx_hal_rcc.o
                0x0000000008002c40                HAL_RCC_GetSysClockFreq
 .text.HAL_RCC_GetHCLKFreq
                0x0000000008002e4c       0x18 ./Drivers/STM32F4xx_HAL_Driver/Src/stm32f4xx_hal_rcc.o
                0x0000000008002e4c                HAL_RCC_GetHCLKFreq
 .text.HAL_RCC_GetPCLK1Freq
                0x0000000008002e64       0x28 ./Drivers/STM32F4xx_HAL_Driver/Src/stm32f4xx_hal_rcc.o
                0x0000000008002e64                HAL_RCC_GetPCLK1Freq
 .text.HAL_RCC_GetPCLK2Freq
                0x0000000008002e8c       0x28 ./Drivers/STM32F4xx_HAL_Driver/Src/stm32f4xx_hal_rcc.o
                0x0000000008002e8c                HAL_RCC_GetPCLK2Freq
 .text.HAL_RCCEx_PeriphCLKConfig
                0x0000000008002eb4      0x1c4 ./Drivers/STM32F4xx_HAL_Driver/Src/stm32f4xx_hal_rcc_ex.o
                0x0000000008002eb4                HAL_RCCEx_PeriphCLKConfig
 .text.HAL_RTC_Init
                0x0000000008003078       0xec ./Drivers/STM32F4xx_HAL_Driver/Src/stm32f4xx_hal_rtc.o
                0x0000000008003078                HAL_RTC_Init
 .text.HAL_RTC_SetTime
                0x0000000008003164      0x134 ./Drivers/STM32F4xx_HAL_Driver/Src/stm32f4xx_hal_rtc.o
                0x0000000008003164                HAL_RTC_SetTime
 .text.HAL_RTC_GetTime
                0x0000000008003298       0xbc ./Drivers/STM32F4xx_HAL_Driver/Src/stm32f4xx_hal_rtc.o
                0x0000000008003298                HAL_RTC_GetTime
 .text.HAL_RTC_SetDate
                0x0000000008003354      0x108 ./Drivers/STM32F4xx_HAL_Driver/Src/stm32f4xx_hal_rtc.o
                0x0000000008003354                HAL_RTC_SetDate
 .text.HAL_RTC_GetDate
                0x000000000800345c       0x9e ./Drivers/STM32F4xx_HAL_Driver/Src/stm32f4xx_hal_rtc.o
                0x000000000800345c                HAL_RTC_GetDate
 .text.HAL_RTC_WaitForSynchro
                0x00000000080034fa       0x50 ./Drivers/STM32F4xx_HAL_Driver/Src/stm32f4xx_hal_rtc.o
                0x00000000080034fa                HAL_RTC_WaitForSynchro
 .text.RTC_EnterInitMode
                0x000000000800354a       0x6e ./Drivers/STM32F4xx_HAL_Driver/Src/stm32f4xx_hal_rtc.o
                0x000000000800354a                RTC_EnterInitMode
 .text.RTC_ExitInitMode
                0x00000000080035b8       0x4a ./Drivers/STM32F4xx_HAL_Driver/Src/stm32f4xx_hal_rtc.o
                0x00000000080035b8                RTC_ExitInitMode
 .text.RTC_ByteToBcd2
                0x0000000008003602       0x3a ./Drivers/STM32F4xx_HAL_Driver/Src/stm32f4xx_hal_rtc.o
                0x0000000008003602                RTC_ByteToBcd2
 .text.RTC_Bcd2ToByte
                0x000000000800363c       0x38 ./Drivers/STM32F4xx_HAL_Driver/Src/stm32f4xx_hal_rtc.o
                0x000000000800363c                RTC_Bcd2ToByte
 .text.HAL_SPI_Init
                0x0000000008003674      0x112 ./Drivers/STM32F4xx_HAL_Driver/Src/stm32f4xx_hal_spi.o
                0x0000000008003674                HAL_SPI_Init
 .text.HAL_SPI_Transmit
                0x0000000008003786      0x278 ./Drivers/STM32F4xx_HAL_Driver/Src/stm32f4xx_hal_spi.o
                0x0000000008003786                HAL_SPI_Transmit
 .text.HAL_SPI_TransmitReceive
                0x00000000080039fe      0x344 ./Drivers/STM32F4xx_HAL_Driver/Src/stm32f4xx_hal_spi.o
                0x00000000080039fe                HAL_SPI_TransmitReceive
 *fill*         0x0000000008003d42        0x2 
 .text.SPI_WaitFlagStateUntilTimeout
                0x0000000008003d44      0x110 ./Drivers/STM32F4xx_HAL_Driver/Src/stm32f4xx_hal_spi.o
 .text.SPI_EndRxTxTransaction
                0x0000000008003e54       0x84 ./Drivers/STM32F4xx_HAL_Driver/Src/stm32f4xx_hal_spi.o
 .text.HAL_UART_Init
                0x0000000008003ed8       0x9a ./Drivers/STM32F4xx_HAL_Driver/Src/stm32f4xx_hal_uart.o
                0x0000000008003ed8                HAL_UART_Init
 .text.HAL_UART_Transmit
                0x0000000008003f72      0x124 ./Drivers/STM32F4xx_HAL_Driver/Src/stm32f4xx_hal_uart.o
                0x0000000008003f72                HAL_UART_Transmit
 .text.HAL_UART_Transmit_IT
                0x0000000008004096       0x8a ./Drivers/STM32F4xx_HAL_Driver/Src/stm32f4xx_hal_uart.o
                0x0000000008004096                HAL_UART_Transmit_IT
 .text.HAL_UART_Receive_IT
                0x0000000008004120       0x60 ./Drivers/STM32F4xx_HAL_Driver/Src/stm32f4xx_hal_uart.o
                0x0000000008004120                HAL_UART_Receive_IT
 .text.HAL_UART_IRQHandler
                0x0000000008004180      0x51c ./Drivers/STM32F4xx_HAL_Driver/Src/stm32f4xx_hal_uart.o
                0x0000000008004180                HAL_UART_IRQHandler
 .text.HAL_UART_TxCpltCallback
                0x000000000800469c       0x14 ./Drivers/STM32F4xx_HAL_Driver/Src/stm32f4xx_hal_uart.o
                0x000000000800469c                HAL_UART_TxCpltCallback
 .text.HAL_UART_ErrorCallback
                0x00000000080046b0       0x14 ./Drivers/STM32F4xx_HAL_Driver/Src/stm32f4xx_hal_uart.o
                0x00000000080046b0                HAL_UART_ErrorCallback
 .text.HAL_UARTEx_RxEventCallback
                0x00000000080046c4       0x18 ./Drivers/STM32F4xx_HAL_Driver/Src/stm32f4xx_hal_uart.o
                0x00000000080046c4                HAL_UARTEx_RxEventCallback
 .text.UART_WaitOnFlagUntilTimeout
                0x00000000080046dc       0xdc ./Drivers/STM32F4xx_HAL_Driver/Src/stm32f4xx_hal_uart.o
 .text.UART_Start_Receive_IT
                0x00000000080047b8       0x7c ./Drivers/STM32F4xx_HAL_Driver/Src/stm32f4xx_hal_uart.o
                0x00000000080047b8                UART_Start_Receive_IT
 .text.UART_EndRxTransfer
                0x0000000008004834       0xc6 ./Drivers/STM32F4xx_HAL_Driver/Src/stm32f4xx_hal_uart.o
 .text.UART_DMAAbortOnError
                0x00000000080048fa       0x28 ./Drivers/STM32F4xx_HAL_Driver/Src/stm32f4xx_hal_uart.o
 .text.UART_Transmit_IT
                0x0000000008004922       0xa0 ./Drivers/STM32F4xx_HAL_Driver/Src/stm32f4xx_hal_uart.o
 .text.UART_EndTransmit_IT
                0x00000000080049c2       0x30 ./Drivers/STM32F4xx_HAL_Driver/Src/stm32f4xx_hal_uart.o
 .text.UART_Receive_IT
                0x00000000080049f2      0x176 ./Drivers/STM32F4xx_HAL_Driver/Src/stm32f4xx_hal_uart.o
 .text.UART_SetConfig
                0x0000000008004b68      0x4e8 ./Drivers/STM32F4xx_HAL_Driver/Src/stm32f4xx_hal_uart.o
 .text.MX_FATFS_Init
                0x0000000008005050       0x24 ./FATFS/App/fatfs.o
                0x0000000008005050                MX_FATFS_Init
 .text.get_fattime
                0x0000000008005074       0x10 ./FATFS/App/fatfs.o
                0x0000000008005074                get_fattime
 .text.USER_initialize
                0x0000000008005084       0x1c ./FATFS/Target/user_diskio.o
                0x0000000008005084                USER_initialize
 .text.USER_status
                0x00000000080050a0       0x1c ./FATFS/Target/user_diskio.o
                0x00000000080050a0                USER_status
 .text.USER_read
                0x00000000080050bc       0x26 ./FATFS/Target/user_diskio.o
                0x00000000080050bc                USER_read
 .text.USER_write
                0x00000000080050e2       0x26 ./FATFS/Target/user_diskio.o
                0x00000000080050e2                USER_write
 .text.USER_ioctl
                0x0000000008005108       0x26 ./FATFS/Target/user_diskio.o
                0x0000000008005108                USER_ioctl
 *fill*         0x000000000800512e        0x2 
 .text.disk_status
                0x0000000008005130       0x34 ./Middlewares/Third_Party/FatFs/src/diskio.o
                0x0000000008005130                disk_status
 .text.disk_initialize
                0x0000000008005164       0x4c ./Middlewares/Third_Party/FatFs/src/diskio.o
                0x0000000008005164                disk_initialize
 .text.disk_read
                0x00000000080051b0       0x40 ./Middlewares/Third_Party/FatFs/src/diskio.o
                0x00000000080051b0                disk_read
 .text.disk_write
                0x00000000080051f0       0x40 ./Middlewares/Third_Party/FatFs/src/diskio.o
                0x00000000080051f0                disk_write
 .text.disk_ioctl
                0x0000000008005230       0x3c ./Middlewares/Third_Party/FatFs/src/diskio.o
                0x0000000008005230                disk_ioctl
 .text.ld_word  0x000000000800526c       0x30 ./Middlewares/Third_Party/FatFs/src/ff.o
 .text.ld_dword
                0x000000000800529c       0x46 ./Middlewares/Third_Party/FatFs/src/ff.o
 .text.st_word  0x00000000080052e2       0x36 ./Middlewares/Third_Party/FatFs/src/ff.o
 .text.st_dword
                0x0000000008005318       0x58 ./Middlewares/Third_Party/FatFs/src/ff.o
 .text.mem_cpy  0x0000000008005370       0x42 ./Middlewares/Third_Party/FatFs/src/ff.o
 .text.mem_set  0x00000000080053b2       0x36 ./Middlewares/Third_Party/FatFs/src/ff.o
 .text.mem_cmp  0x00000000080053e8       0x4e ./Middlewares/Third_Party/FatFs/src/ff.o
 .text.chk_chr  0x0000000008005436       0x36 ./Middlewares/Third_Party/FatFs/src/ff.o
 .text.chk_lock
                0x000000000800546c       0xb8 ./Middlewares/Third_Party/FatFs/src/ff.o
 .text.enq_lock
                0x0000000008005524       0x44 ./Middlewares/Third_Party/FatFs/src/ff.o
 .text.inc_lock
                0x0000000008005568      0x11c ./Middlewares/Third_Party/FatFs/src/ff.o
 .text.dec_lock
                0x0000000008005684       0x78 ./Middlewares/Third_Party/FatFs/src/ff.o
 .text.clear_lock
                0x00000000080056fc       0x48 ./Middlewares/Third_Party/FatFs/src/ff.o
 .text.sync_window
                0x0000000008005744       0x88 ./Middlewares/Third_Party/FatFs/src/ff.o
 .text.move_window
                0x00000000080057cc       0x5a ./Middlewares/Third_Party/FatFs/src/ff.o
 *fill*         0x0000000008005826        0x2 
 .text.sync_fs  0x0000000008005828       0xe0 ./Middlewares/Third_Party/FatFs/src/ff.o
 .text.clust2sect
                0x0000000008005908       0x3e ./Middlewares/Third_Party/FatFs/src/ff.o
 .text.get_fat  0x0000000008005946      0x1a8 ./Middlewares/Third_Party/FatFs/src/ff.o
 .text.put_fat  0x0000000008005aee      0x234 ./Middlewares/Third_Party/FatFs/src/ff.o
 .text.remove_chain
                0x0000000008005d22       0xca ./Middlewares/Third_Party/FatFs/src/ff.o
 .text.create_chain
                0x0000000008005dec      0x130 ./Middlewares/Third_Party/FatFs/src/ff.o
 .text.clmt_clust
                0x0000000008005f1c       0x70 ./Middlewares/Third_Party/FatFs/src/ff.o
 .text.dir_sdi  0x0000000008005f8c      0x112 ./Middlewares/Third_Party/FatFs/src/ff.o
 .text.dir_next
                0x000000000800609e      0x1ac ./Middlewares/Third_Party/FatFs/src/ff.o
 .text.dir_alloc
                0x000000000800624a       0x8e ./Middlewares/Third_Party/FatFs/src/ff.o
 .text.ld_clust
                0x00000000080062d8       0x3e ./Middlewares/Third_Party/FatFs/src/ff.o
 .text.st_clust
                0x0000000008006316       0x40 ./Middlewares/Third_Party/FatFs/src/ff.o
 *fill*         0x0000000008006356        0x2 
 .text.cmp_lfn  0x0000000008006358       0xe0 ./Middlewares/Third_Party/FatFs/src/ff.o
 .text.put_lfn  0x0000000008006438       0xd0 ./Middlewares/Third_Party/FatFs/src/ff.o
 .text.gen_numname
                0x0000000008006508      0x11c ./Middlewares/Third_Party/FatFs/src/ff.o
 .text.sum_sfn  0x0000000008006624       0x42 ./Middlewares/Third_Party/FatFs/src/ff.o
 .text.dir_find
                0x0000000008006666      0x180 ./Middlewares/Third_Party/FatFs/src/ff.o
 *fill*         0x00000000080067e6        0x2 
 .text.dir_register
                0x00000000080067e8      0x1f0 ./Middlewares/Third_Party/FatFs/src/ff.o
 .text.create_name
                0x00000000080069d8      0x370 ./Middlewares/Third_Party/FatFs/src/ff.o
 .text.follow_path
                0x0000000008006d48       0xec ./Middlewares/Third_Party/FatFs/src/ff.o
 .text.get_ldnumber
                0x0000000008006e34       0x88 ./Middlewares/Third_Party/FatFs/src/ff.o
 .text.check_fs
                0x0000000008006ebc       0xac ./Middlewares/Third_Party/FatFs/src/ff.o
 .text.find_volume
                0x0000000008006f68      0x50c ./Middlewares/Third_Party/FatFs/src/ff.o
 .text.validate
                0x0000000008007474       0x6a ./Middlewares/Third_Party/FatFs/src/ff.o
 *fill*         0x00000000080074de        0x2 
 .text.f_mount  0x00000000080074e0       0x8c ./Middlewares/Third_Party/FatFs/src/ff.o
                0x00000000080074e0                f_mount
 .text.f_open   0x000000000800756c      0x398 ./Middlewares/Third_Party/FatFs/src/ff.o
                0x000000000800756c                f_open
 .text.f_write  0x0000000008007904      0x328 ./Middlewares/Third_Party/FatFs/src/ff.o
                0x0000000008007904                f_write
 .text.f_sync   0x0000000008007c2c       0xfc ./Middlewares/Third_Party/FatFs/src/ff.o
                0x0000000008007c2c                f_sync
 .text.f_close  0x0000000008007d28       0x54 ./Middlewares/Third_Party/FatFs/src/ff.o
                0x0000000008007d28                f_close
 .text.putc_bfd
                0x0000000008007d7c       0x7a ./Middlewares/Third_Party/FatFs/src/ff.o
 .text.putc_flush
                0x0000000008007df6       0x4a ./Middlewares/Third_Party/FatFs/src/ff.o
 .text.putc_init
                0x0000000008007e40       0x2a ./Middlewares/Third_Party/FatFs/src/ff.o
 .text.f_puts   0x0000000008007e6a       0x48 ./Middlewares/Third_Party/FatFs/src/ff.o
                0x0000000008007e6a                f_puts
 *fill*         0x0000000008007eb2        0x2 
 .text.FATFS_LinkDriverEx
                0x0000000008007eb4       0x98 ./Middlewares/Third_Party/FatFs/src/ff_gen_drv.o
                0x0000000008007eb4                FATFS_LinkDriverEx
 .text.FATFS_LinkDriver
                0x0000000008007f4c       0x1e ./Middlewares/Third_Party/FatFs/src/ff_gen_drv.o
                0x0000000008007f4c                FATFS_LinkDriver
 *fill*         0x0000000008007f6a        0x2 
 .text.ff_convert
                0x0000000008007f6c       0x78 ./Middlewares/Third_Party/FatFs/src/option/ccsbcs.o
                0x0000000008007f6c                ff_convert
 .text.ff_wtoupper
                0x0000000008007fe4      0x114 ./Middlewares/Third_Party/FatFs/src/option/ccsbcs.o
                0x0000000008007fe4                ff_wtoupper
 .text.sprintf  0x00000000080080f8       0x40 C:/ST/STM32CubeIDE_1.13.0/STM32CubeIDE/plugins/com.st.stm32cube.ide.mcu.externaltools.gnu-tools-for-stm32.11.3.rel1.win32_1.1.0.202305231506/tools/bin/../lib/gcc/arm-none-eabi/11.3.1/../../../../arm-none-eabi/lib/thumb/v7e-m+fp/hard\libc_nano.a(libc_a-sprintf.o)
                0x00000000080080f8                siprintf
                0x00000000080080f8                sprintf
 .text.memset   0x0000000008008138       0x10 C:/ST/STM32CubeIDE_1.13.0/STM32CubeIDE/plugins/com.st.stm32cube.ide.mcu.externaltools.gnu-tools-for-stm32.11.3.rel1.win32_1.1.0.202305231506/tools/bin/../lib/gcc/arm-none-eabi/11.3.1/../../../../arm-none-eabi/lib/thumb/v7e-m+fp/hard\libc_nano.a(libc_a-memset.o)
                0x0000000008008138                memset
 .text.strstr   0x0000000008008148       0x2c C:/ST/STM32CubeIDE_1.13.0/STM32CubeIDE/plugins/com.st.stm32cube.ide.mcu.externaltools.gnu-tools-for-stm32.11.3.rel1.win32_1.1.0.202305231506/tools/bin/../lib/gcc/arm-none-eabi/11.3.1/../../../../arm-none-eabi/lib/thumb/v7e-m+fp/hard\libc_nano.a(libc_a-strstr.o)
                0x0000000008008148                strstr
 .text.__errno  0x0000000008008174        0xc C:/ST/STM32CubeIDE_1.13.0/STM32CubeIDE/plugins/com.st.stm32cube.ide.mcu.externaltools.gnu-tools-for-stm32.11.3.rel1.win32_1.1.0.202305231506/tools/bin/../lib/gcc/arm-none-eabi/11.3.1/../../../../arm-none-eabi/lib/thumb/v7e-m+fp/hard\libc_nano.a(libc_a-errno.o)
                0x0000000008008174                __errno
 .text.__libc_init_array
                0x0000000008008180       0x48 C:/ST/STM32CubeIDE_1.13.0/STM32CubeIDE/plugins/com.st.stm32cube.ide.mcu.externaltools.gnu-tools-for-stm32.11.3.rel1.win32_1.1.0.202305231506/tools/bin/../lib/gcc/arm-none-eabi/11.3.1/../../../../arm-none-eabi/lib/thumb/v7e-m+fp/hard\libc_nano.a(libc_a-init.o)
                0x0000000008008180                __libc_init_array
 .text.__retarget_lock_acquire_recursive
                0x00000000080081c8        0x2 C:/ST/STM32CubeIDE_1.13.0/STM32CubeIDE/plugins/com.st.stm32cube.ide.mcu.externaltools.gnu-tools-for-stm32.11.3.rel1.win32_1.1.0.202305231506/tools/bin/../lib/gcc/arm-none-eabi/11.3.1/../../../../arm-none-eabi/lib/thumb/v7e-m+fp/hard\libc_nano.a(libc_a-lock.o)
                0x00000000080081c8                __retarget_lock_acquire_recursive
 .text.__retarget_lock_release_recursive
                0x00000000080081ca        0x2 C:/ST/STM32CubeIDE_1.13.0/STM32CubeIDE/plugins/com.st.stm32cube.ide.mcu.externaltools.gnu-tools-for-stm32.11.3.rel1.win32_1.1.0.202305231506/tools/bin/../lib/gcc/arm-none-eabi/11.3.1/../../../../arm-none-eabi/lib/thumb/v7e-m+fp/hard\libc_nano.a(libc_a-lock.o)
                0x00000000080081ca                __retarget_lock_release_recursive
 .text._free_r  0x00000000080081cc       0x98 C:/ST/STM32CubeIDE_1.13.0/STM32CubeIDE/plugins/com.st.stm32cube.ide.mcu.externaltools.gnu-tools-for-stm32.11.3.rel1.win32_1.1.0.202305231506/tools/bin/../lib/gcc/arm-none-eabi/11.3.1/../../../../arm-none-eabi/lib/thumb/v7e-m+fp/hard\libc_nano.a(libc_a-freer.o)
                0x00000000080081cc                _free_r
 .text.sbrk_aligned
                0x0000000008008264       0x40 C:/ST/STM32CubeIDE_1.13.0/STM32CubeIDE/plugins/com.st.stm32cube.ide.mcu.externaltools.gnu-tools-for-stm32.11.3.rel1.win32_1.1.0.202305231506/tools/bin/../lib/gcc/arm-none-eabi/11.3.1/../../../../arm-none-eabi/lib/thumb/v7e-m+fp/hard\libc_nano.a(libc_a-mallocr.o)
 .text._malloc_r
                0x00000000080082a4      0x100 C:/ST/STM32CubeIDE_1.13.0/STM32CubeIDE/plugins/com.st.stm32cube.ide.mcu.externaltools.gnu-tools-for-stm32.11.3.rel1.win32_1.1.0.202305231506/tools/bin/../lib/gcc/arm-none-eabi/11.3.1/../../../../arm-none-eabi/lib/thumb/v7e-m+fp/hard\libc_nano.a(libc_a-mallocr.o)
                0x00000000080082a4                _malloc_r
 .text.__malloc_lock
                0x00000000080083a4        0xc C:/ST/STM32CubeIDE_1.13.0/STM32CubeIDE/plugins/com.st.stm32cube.ide.mcu.externaltools.gnu-tools-for-stm32.11.3.rel1.win32_1.1.0.202305231506/tools/bin/../lib/gcc/arm-none-eabi/11.3.1/../../../../arm-none-eabi/lib/thumb/v7e-m+fp/hard\libc_nano.a(libc_a-mlock.o)
                0x00000000080083a4                __malloc_lock
 .text.__malloc_unlock
                0x00000000080083b0        0xc C:/ST/STM32CubeIDE_1.13.0/STM32CubeIDE/plugins/com.st.stm32cube.ide.mcu.externaltools.gnu-tools-for-stm32.11.3.rel1.win32_1.1.0.202305231506/tools/bin/../lib/gcc/arm-none-eabi/11.3.1/../../../../arm-none-eabi/lib/thumb/v7e-m+fp/hard\libc_nano.a(libc_a-mlock.o)
                0x00000000080083b0                __malloc_unlock
 .text.__ssputs_r
                0x00000000080083bc       0xb4 C:/ST/STM32CubeIDE_1.13.0/STM32CubeIDE/plugins/com.st.stm32cube.ide.mcu.externaltools.gnu-tools-for-stm32.11.3.rel1.win32_1.1.0.202305231506/tools/bin/../lib/gcc/arm-none-eabi/11.3.1/../../../../arm-none-eabi/lib/thumb/v7e-m+fp/hard\libc_nano.a(libc_a-nano-svfprintf.o)
                0x00000000080083bc                __ssputs_r
 .text._svfprintf_r
                0x0000000008008470      0x1fc C:/ST/STM32CubeIDE_1.13.0/STM32CubeIDE/plugins/com.st.stm32cube.ide.mcu.externaltools.gnu-tools-for-stm32.11.3.rel1.win32_1.1.0.202305231506/tools/bin/../lib/gcc/arm-none-eabi/11.3.1/../../../../arm-none-eabi/lib/thumb/v7e-m+fp/hard\libc_nano.a(libc_a-nano-svfprintf.o)
                0x0000000008008470                _svfiprintf_r
                0x0000000008008470                _svfprintf_r
 .text._printf_common
                0x000000000800866c       0xda C:/ST/STM32CubeIDE_1.13.0/STM32CubeIDE/plugins/com.st.stm32cube.ide.mcu.externaltools.gnu-tools-for-stm32.11.3.rel1.win32_1.1.0.202305231506/tools/bin/../lib/gcc/arm-none-eabi/11.3.1/../../../../arm-none-eabi/lib/thumb/v7e-m+fp/hard\libc_nano.a(libc_a-nano-vfprintf_i.o)
                0x000000000800866c                _printf_common
 *fill*         0x0000000008008746        0x2 
 .text._printf_i
                0x0000000008008748      0x244 C:/ST/STM32CubeIDE_1.13.0/STM32CubeIDE/plugins/com.st.stm32cube.ide.mcu.externaltools.gnu-tools-for-stm32.11.3.rel1.win32_1.1.0.202305231506/tools/bin/../lib/gcc/arm-none-eabi/11.3.1/../../../../arm-none-eabi/lib/thumb/v7e-m+fp/hard\libc_nano.a(libc_a-nano-vfprintf_i.o)
                0x0000000008008748                _printf_i
 .text.memmove  0x000000000800898c       0x34 C:/ST/STM32CubeIDE_1.13.0/STM32CubeIDE/plugins/com.st.stm32cube.ide.mcu.externaltools.gnu-tools-for-stm32.11.3.rel1.win32_1.1.0.202305231506/tools/bin/../lib/gcc/arm-none-eabi/11.3.1/../../../../arm-none-eabi/lib/thumb/v7e-m+fp/hard\libc_nano.a(libc_a-memmove.o)
                0x000000000800898c                memmove
 .text._sbrk_r  0x00000000080089c0       0x20 C:/ST/STM32CubeIDE_1.13.0/STM32CubeIDE/plugins/com.st.stm32cube.ide.mcu.externaltools.gnu-tools-for-stm32.11.3.rel1.win32_1.1.0.202305231506/tools/bin/../lib/gcc/arm-none-eabi/11.3.1/../../../../arm-none-eabi/lib/thumb/v7e-m+fp/hard\libc_nano.a(libc_a-sbrkr.o)
                0x00000000080089c0                _sbrk_r
 .text.memcpy   0x00000000080089e0       0x1c C:/ST/STM32CubeIDE_1.13.0/STM32CubeIDE/plugins/com.st.stm32cube.ide.mcu.externaltools.gnu-tools-for-stm32.11.3.rel1.win32_1.1.0.202305231506/tools/bin/../lib/gcc/arm-none-eabi/11.3.1/../../../../arm-none-eabi/lib/thumb/v7e-m+fp/hard\libc_nano.a(libc_a-memcpy-stub.o)
                0x00000000080089e0                memcpy
 .text._realloc_r
                0x00000000080089fc       0x5e C:/ST/STM32CubeIDE_1.13.0/STM32CubeIDE/plugins/com.st.stm32cube.ide.mcu.externaltools.gnu-tools-for-stm32.11.3.rel1.win32_1.1.0.202305231506/tools/bin/../lib/gcc/arm-none-eabi/11.3.1/../../../../arm-none-eabi/lib/thumb/v7e-m+fp/hard\libc_nano.a(libc_a-reallocr.o)
                0x00000000080089fc                _realloc_r
 .text._malloc_usable_size_r
                0x0000000008008a5a       0x10 C:/ST/STM32CubeIDE_1.13.0/STM32CubeIDE/plugins/com.st.stm32cube.ide.mcu.externaltools.gnu-tools-for-stm32.11.3.rel1.win32_1.1.0.202305231506/tools/bin/../lib/gcc/arm-none-eabi/11.3.1/../../../../arm-none-eabi/lib/thumb/v7e-m+fp/hard\libc_nano.a(libc_a-msizer.o)
                0x0000000008008a5a                _malloc_usable_size_r
 *(.glue_7)
 .glue_7        0x0000000008008a6a        0x0 linker stubs
 *(.glue_7t)
 .glue_7t       0x0000000008008a6a        0x0 linker stubs
 *(.eh_frame)
 *fill*         0x0000000008008a6a        0x2 
 .eh_frame      0x0000000008008a6c        0x0 C:/ST/STM32CubeIDE_1.13.0/STM32CubeIDE/plugins/com.st.stm32cube.ide.mcu.externaltools.gnu-tools-for-stm32.11.3.rel1.win32_1.1.0.202305231506/tools/bin/../lib/gcc/arm-none-eabi/11.3.1/thumb/v7e-m+fp/hard/crtbegin.o
 *(.init)
 .init          0x0000000008008a6c        0x4 C:/ST/STM32CubeIDE_1.13.0/STM32CubeIDE/plugins/com.st.stm32cube.ide.mcu.externaltools.gnu-tools-for-stm32.11.3.rel1.win32_1.1.0.202305231506/tools/bin/../lib/gcc/arm-none-eabi/11.3.1/thumb/v7e-m+fp/hard/crti.o
                0x0000000008008a6c                _init
 .init          0x0000000008008a70        0x8 C:/ST/STM32CubeIDE_1.13.0/STM32CubeIDE/plugins/com.st.stm32cube.ide.mcu.externaltools.gnu-tools-for-stm32.11.3.rel1.win32_1.1.0.202305231506/tools/bin/../lib/gcc/arm-none-eabi/11.3.1/thumb/v7e-m+fp/hard/crtn.o
 *(.fini)
 .fini          0x0000000008008a78        0x4 C:/ST/STM32CubeIDE_1.13.0/STM32CubeIDE/plugins/com.st.stm32cube.ide.mcu.externaltools.gnu-tools-for-stm32.11.3.rel1.win32_1.1.0.202305231506/tools/bin/../lib/gcc/arm-none-eabi/11.3.1/thumb/v7e-m+fp/hard/crti.o
                0x0000000008008a78                _fini
 .fini          0x0000000008008a7c        0x8 C:/ST/STM32CubeIDE_1.13.0/STM32CubeIDE/plugins/com.st.stm32cube.ide.mcu.externaltools.gnu-tools-for-stm32.11.3.rel1.win32_1.1.0.202305231506/tools/bin/../lib/gcc/arm-none-eabi/11.3.1/thumb/v7e-m+fp/hard/crtn.o
                0x0000000008008a84                . = ALIGN (0x4)
                0x0000000008008a84                _etext = .

.vfp11_veneer   0x0000000008008a84        0x0
 .vfp11_veneer  0x0000000008008a84        0x0 linker stubs

.v4_bx          0x0000000008008a84        0x0
 .v4_bx         0x0000000008008a84        0x0 linker stubs

.iplt           0x0000000008008a84        0x0
 .iplt          0x0000000008008a84        0x0 C:/ST/STM32CubeIDE_1.13.0/STM32CubeIDE/plugins/com.st.stm32cube.ide.mcu.externaltools.gnu-tools-for-stm32.11.3.rel1.win32_1.1.0.202305231506/tools/bin/../lib/gcc/arm-none-eabi/11.3.1/thumb/v7e-m+fp/hard/crtbegin.o

.rodata         0x0000000008008a84      0x70c
                0x0000000008008a84                . = ALIGN (0x4)
 *(.rodata)
 .rodata        0x0000000008008a84      0x238 ./Core/Src/main.o
 .rodata        0x0000000008008cbc       0x48 ./Middlewares/Third_Party/FatFs/src/ff.o
 *(.rodata*)
 .rodata.AHBPrescTable
                0x0000000008008d04       0x10 ./Core/Src/system_stm32f4xx.o
                0x0000000008008d04                AHBPrescTable
 .rodata.APBPrescTable
                0x0000000008008d14        0x8 ./Core/Src/system_stm32f4xx.o
                0x0000000008008d14                APBPrescTable
 .rodata.ExCvt  0x0000000008008d1c       0x80 ./Middlewares/Third_Party/FatFs/src/ff.o
 .rodata.LfnOfs
                0x0000000008008d9c        0xd ./Middlewares/Third_Party/FatFs/src/ff.o
 *fill*         0x0000000008008da9        0x3 
 .rodata.Tbl    0x0000000008008dac      0x100 ./Middlewares/Third_Party/FatFs/src/option/ccsbcs.o
 .rodata.cvt1.1
                0x0000000008008eac      0x1f2 ./Middlewares/Third_Party/FatFs/src/option/ccsbcs.o
 *fill*         0x000000000800909e        0x2 
 .rodata.cvt2.0
                0x00000000080090a0       0xbc ./Middlewares/Third_Party/FatFs/src/option/ccsbcs.o
 .rodata._svfprintf_r.str1.1
                0x000000000800915c       0x11 C:/ST/STM32CubeIDE_1.13.0/STM32CubeIDE/plugins/com.st.stm32cube.ide.mcu.externaltools.gnu-tools-for-stm32.11.3.rel1.win32_1.1.0.202305231506/tools/bin/../lib/gcc/arm-none-eabi/11.3.1/../../../../arm-none-eabi/lib/thumb/v7e-m+fp/hard\libc_nano.a(libc_a-nano-svfprintf.o)
 .rodata._printf_i.str1.1
                0x000000000800916d       0x22 C:/ST/STM32CubeIDE_1.13.0/STM32CubeIDE/plugins/com.st.stm32cube.ide.mcu.externaltools.gnu-tools-for-stm32.11.3.rel1.win32_1.1.0.202305231506/tools/bin/../lib/gcc/arm-none-eabi/11.3.1/../../../../arm-none-eabi/lib/thumb/v7e-m+fp/hard\libc_nano.a(libc_a-nano-vfprintf_i.o)
                0x0000000008009190                . = ALIGN (0x4)
 *fill*         0x000000000800918f        0x1 

.ARM.extab      0x0000000008009190        0x0
                0x0000000008009190                . = ALIGN (0x4)
 *(.ARM.extab* .gnu.linkonce.armextab.*)
                0x0000000008009190                . = ALIGN (0x4)

.ARM            0x0000000008009190        0x8
                0x0000000008009190                . = ALIGN (0x4)
                0x0000000008009190                __exidx_start = .
 *(.ARM.exidx*)
 .ARM.exidx     0x0000000008009190        0x8 C:/ST/STM32CubeIDE_1.13.0/STM32CubeIDE/plugins/com.st.stm32cube.ide.mcu.externaltools.gnu-tools-for-stm32.11.3.rel1.win32_1.1.0.202305231506/tools/bin/../lib/gcc/arm-none-eabi/11.3.1/thumb/v7e-m+fp/hard\libgcc.a(_udivmoddi4.o)
                0x0000000008009198                __exidx_end = .
                0x0000000008009198                . = ALIGN (0x4)

.rel.dyn        0x0000000008009198        0x0
 .rel.iplt      0x0000000008009198        0x0 C:/ST/STM32CubeIDE_1.13.0/STM32CubeIDE/plugins/com.st.stm32cube.ide.mcu.externaltools.gnu-tools-for-stm32.11.3.rel1.win32_1.1.0.202305231506/tools/bin/../lib/gcc/arm-none-eabi/11.3.1/thumb/v7e-m+fp/hard/crtbegin.o

.preinit_array  0x0000000008009198        0x0
                0x0000000008009198                . = ALIGN (0x4)
                0x0000000008009198                PROVIDE (__preinit_array_start = .)
 *(.preinit_array*)
                0x0000000008009198                PROVIDE (__preinit_array_end = .)
                0x0000000008009198                . = ALIGN (0x4)

.init_array     0x0000000008009198        0x4
                0x0000000008009198                . = ALIGN (0x4)
                0x0000000008009198                PROVIDE (__init_array_start = .)
 *(SORT_BY_NAME(.init_array.*))
 *(.init_array*)
 .init_array    0x0000000008009198        0x4 C:/ST/STM32CubeIDE_1.13.0/STM32CubeIDE/plugins/com.st.stm32cube.ide.mcu.externaltools.gnu-tools-for-stm32.11.3.rel1.win32_1.1.0.202305231506/tools/bin/../lib/gcc/arm-none-eabi/11.3.1/thumb/v7e-m+fp/hard/crtbegin.o
                0x000000000800919c                PROVIDE (__init_array_end = .)
                0x000000000800919c                . = ALIGN (0x4)

.fini_array     0x000000000800919c        0x4
                0x000000000800919c                . = ALIGN (0x4)
                [!provide]                        PROVIDE (__fini_array_start = .)
 *(SORT_BY_NAME(.fini_array.*))
 *(.fini_array*)
 .fini_array    0x000000000800919c        0x4 C:/ST/STM32CubeIDE_1.13.0/STM32CubeIDE/plugins/com.st.stm32cube.ide.mcu.externaltools.gnu-tools-for-stm32.11.3.rel1.win32_1.1.0.202305231506/tools/bin/../lib/gcc/arm-none-eabi/11.3.1/thumb/v7e-m+fp/hard/crtbegin.o
                [!provide]                        PROVIDE (__fini_array_end = .)
                0x00000000080091a0                . = ALIGN (0x4)
                0x00000000080091a0                _sidata = LOADADDR (.data)

.data           0x0000000020000000       0x74 load address 0x00000000080091a0
                0x0000000020000000                . = ALIGN (0x4)
                0x0000000020000000                _sdata = .
 *(.data)
 *(.data*)
 .data.Stat     0x0000000020000000        0x1 ./Core/Src/fatfs_sd_card.o
 *fill*         0x0000000020000001        0x3 
 .data.SystemCoreClock
                0x0000000020000004        0x4 ./Core/Src/system_stm32f4xx.o
                0x0000000020000004                SystemCoreClock
 .data.uwTickPrio
                0x0000000020000008        0x4 ./Drivers/STM32F4xx_HAL_Driver/Src/stm32f4xx_hal.o
                0x0000000020000008                uwTickPrio
 .data.uwTickFreq
                0x000000002000000c        0x1 ./Drivers/STM32F4xx_HAL_Driver/Src/stm32f4xx_hal.o
                0x000000002000000c                uwTickFreq
 *fill*         0x000000002000000d        0x3 
 .data.USER_Driver
                0x0000000020000010       0x14 ./FATFS/Target/user_diskio.o
                0x0000000020000010                USER_Driver
 .data._impure_data
                0x0000000020000024       0x4c C:/ST/STM32CubeIDE_1.13.0/STM32CubeIDE/plugins/com.st.stm32cube.ide.mcu.externaltools.gnu-tools-for-stm32.11.3.rel1.win32_1.1.0.202305231506/tools/bin/../lib/gcc/arm-none-eabi/11.3.1/../../../../arm-none-eabi/lib/thumb/v7e-m+fp/hard\libc_nano.a(libc_a-impure.o)
                0x0000000020000024                _impure_data
 .data._impure_ptr
                0x0000000020000070        0x4 C:/ST/STM32CubeIDE_1.13.0/STM32CubeIDE/plugins/com.st.stm32cube.ide.mcu.externaltools.gnu-tools-for-stm32.11.3.rel1.win32_1.1.0.202305231506/tools/bin/../lib/gcc/arm-none-eabi/11.3.1/../../../../arm-none-eabi/lib/thumb/v7e-m+fp/hard\libc_nano.a(libc_a-impure.o)
                0x0000000020000070                _impure_ptr
 *(.RamFunc)
 *(.RamFunc*)
                0x0000000020000074                . = ALIGN (0x4)
                0x0000000020000074                _edata = .
                0x0000000008009214                _siccmram = LOADADDR (.ccmram)

.igot.plt       0x0000000020000074        0x0 load address 0x0000000008009214
 .igot.plt      0x0000000020000074        0x0 C:/ST/STM32CubeIDE_1.13.0/STM32CubeIDE/plugins/com.st.stm32cube.ide.mcu.externaltools.gnu-tools-for-stm32.11.3.rel1.win32_1.1.0.202305231506/tools/bin/../lib/gcc/arm-none-eabi/11.3.1/thumb/v7e-m+fp/hard/crtbegin.o

.ccmram         0x0000000010000000        0x0 load address 0x0000000008009214
                0x0000000010000000                . = ALIGN (0x4)
                0x0000000010000000                _sccmram = .
 *(.ccmram)
 *(.ccmram*)
                0x0000000010000000                . = ALIGN (0x4)
                0x0000000010000000                _eccmram = .
                0x0000000010000000                . = ALIGN (0x4)

.bss            0x0000000020000074      0x934
                0x0000000020000074                _sbss = .
                0x0000000020000074                __bss_start__ = _sbss
 *(.bss)
 .bss           0x0000000020000074       0x1c C:/ST/STM32CubeIDE_1.13.0/STM32CubeIDE/plugins/com.st.stm32cube.ide.mcu.externaltools.gnu-tools-for-stm32.11.3.rel1.win32_1.1.0.202305231506/tools/bin/../lib/gcc/arm-none-eabi/11.3.1/thumb/v7e-m+fp/hard/crtbegin.o
 *(.bss*)
 .bss.Timer1    0x0000000020000090        0x2 ./Core/Src/fatfs_sd_card.o
                0x0000000020000090                Timer1
 .bss.Timer2    0x0000000020000092        0x2 ./Core/Src/fatfs_sd_card.o
                0x0000000020000092                Timer2
 .bss.CardType  0x0000000020000094        0x1 ./Core/Src/fatfs_sd_card.o
 .bss.PowerFlag
                0x0000000020000095        0x1 ./Core/Src/fatfs_sd_card.o
 *fill*         0x0000000020000096        0x2 
 .bss.time      0x0000000020000098       0x1e ./Core/Src/main.o
                0x0000000020000098                time
 *fill*         0x00000000200000b6        0x2 
 .bss.date      0x00000000200000b8       0x1e ./Core/Src/main.o
                0x00000000200000b8                date
 *fill*         0x00000000200000d6        0x2 
 .bss.hrtc      0x00000000200000d8       0x20 ./Core/Src/main.o
                0x00000000200000d8                hrtc
 .bss.hspi2     0x00000000200000f8       0x58 ./Core/Src/main.o
                0x00000000200000f8                hspi2
 .bss.huart5    0x0000000020000150       0x44 ./Core/Src/main.o
                0x0000000020000150                huart5
 .bss.sTime     0x0000000020000194       0x14 ./Core/Src/main.o
                0x0000000020000194                sTime
 .bss.sDate     0x00000000200001a8        0x4 ./Core/Src/main.o
                0x00000000200001a8                sDate
 .bss.combinedTime
                0x00000000200001ac       0x32 ./Core/Src/main.o
                0x00000000200001ac                combinedTime
 *fill*         0x00000000200001de        0x2 
 .bss.combinedDate
                0x00000000200001e0       0x32 ./Core/Src/main.o
                0x00000000200001e0                combinedDate
 *fill*         0x0000000020000212        0x2 
 .bss.rx_data   0x0000000020000214        0x1 ./Core/Src/main.o
                0x0000000020000214                rx_data
 *fill*         0x0000000020000215        0x3 
 .bss.UART_BUFFER
                0x0000000020000218      0x200 ./Core/Src/main.o
                0x0000000020000218                UART_BUFFER
 .bss.a         0x0000000020000418      0x200 ./Core/Src/main.o
                0x0000000020000418                a
 .bss.flag      0x0000000020000618        0x1 ./Core/Src/main.o
                0x0000000020000618                flag
 *fill*         0x0000000020000619        0x3 
 .bss.__sbrk_heap_end
                0x000000002000061c        0x4 ./Core/Src/sysmem.o
 .bss.uwTick    0x0000000020000620        0x4 ./Drivers/STM32F4xx_HAL_Driver/Src/stm32f4xx_hal.o
                0x0000000020000620                uwTick
 .bss.retUSER   0x0000000020000624        0x1 ./FATFS/App/fatfs.o
                0x0000000020000624                retUSER
 *fill*         0x0000000020000625        0x3 
 .bss.USERPath  0x0000000020000628        0x4 ./FATFS/App/fatfs.o
                0x0000000020000628                USERPath
 .bss.FatFs     0x000000002000062c        0x4 ./Middlewares/Third_Party/FatFs/src/ff.o
 .bss.Fsid      0x0000000020000630        0x2 ./Middlewares/Third_Party/FatFs/src/ff.o
 *fill*         0x0000000020000632        0x2 
 .bss.Files     0x0000000020000634       0x20 ./Middlewares/Third_Party/FatFs/src/ff.o
 .bss.LfnBuf    0x0000000020000654      0x200 ./Middlewares/Third_Party/FatFs/src/ff.o
 .bss.disk      0x0000000020000854        0xc ./Middlewares/Third_Party/FatFs/src/ff_gen_drv.o
                0x0000000020000854                disk
 .bss.__sf      0x0000000020000860      0x138 C:/ST/STM32CubeIDE_1.13.0/STM32CubeIDE/plugins/com.st.stm32cube.ide.mcu.externaltools.gnu-tools-for-stm32.11.3.rel1.win32_1.1.0.202305231506/tools/bin/../lib/gcc/arm-none-eabi/11.3.1/../../../../arm-none-eabi/lib/thumb/v7e-m+fp/hard\libc_nano.a(libc_a-findfp.o)
                0x0000000020000860                __sf
 .bss.errno     0x0000000020000998        0x4 C:/ST/STM32CubeIDE_1.13.0/STM32CubeIDE/plugins/com.st.stm32cube.ide.mcu.externaltools.gnu-tools-for-stm32.11.3.rel1.win32_1.1.0.202305231506/tools/bin/../lib/gcc/arm-none-eabi/11.3.1/../../../../arm-none-eabi/lib/thumb/v7e-m+fp/hard\libc_nano.a(libc_a-reent.o)
                0x0000000020000998                errno
 .bss.__lock___malloc_recursive_mutex
                0x000000002000099c        0x1 C:/ST/STM32CubeIDE_1.13.0/STM32CubeIDE/plugins/com.st.stm32cube.ide.mcu.externaltools.gnu-tools-for-stm32.11.3.rel1.win32_1.1.0.202305231506/tools/bin/../lib/gcc/arm-none-eabi/11.3.1/../../../../arm-none-eabi/lib/thumb/v7e-m+fp/hard\libc_nano.a(libc_a-lock.o)
                0x000000002000099c                __lock___malloc_recursive_mutex
 *fill*         0x000000002000099d        0x3 
 .bss.__malloc_free_list
                0x00000000200009a0        0x4 C:/ST/STM32CubeIDE_1.13.0/STM32CubeIDE/plugins/com.st.stm32cube.ide.mcu.externaltools.gnu-tools-for-stm32.11.3.rel1.win32_1.1.0.202305231506/tools/bin/../lib/gcc/arm-none-eabi/11.3.1/../../../../arm-none-eabi/lib/thumb/v7e-m+fp/hard\libc_nano.a(libc_a-mallocr.o)
                0x00000000200009a0                __malloc_free_list
 .bss.__malloc_sbrk_start
                0x00000000200009a4        0x4 C:/ST/STM32CubeIDE_1.13.0/STM32CubeIDE/plugins/com.st.stm32cube.ide.mcu.externaltools.gnu-tools-for-stm32.11.3.rel1.win32_1.1.0.202305231506/tools/bin/../lib/gcc/arm-none-eabi/11.3.1/../../../../arm-none-eabi/lib/thumb/v7e-m+fp/hard\libc_nano.a(libc_a-mallocr.o)
                0x00000000200009a4                __malloc_sbrk_start
 *(COMMON)
                0x00000000200009a8                . = ALIGN (0x4)
                0x00000000200009a8                _ebss = .
                0x00000000200009a8                __bss_end__ = _ebss

._user_heap_stack
                0x00000000200009a8      0x600
                0x00000000200009a8                . = ALIGN (0x8)
                [!provide]                        PROVIDE (end = .)
                0x00000000200009a8                PROVIDE (_end = .)
                0x0000000020000ba8                . = (. + _Min_Heap_Size)
 *fill*         0x00000000200009a8      0x200 
                0x0000000020000fa8                . = (. + _Min_Stack_Size)
 *fill*         0x0000000020000ba8      0x400 
                0x0000000020000fa8                . = ALIGN (0x8)

/DISCARD/
 libc.a(*)
 libm.a(*)
 libgcc.a(*)

.ARM.attributes
                0x0000000000000000       0x30
 *(.ARM.attributes)
 .ARM.attributes
                0x0000000000000000       0x1e C:/ST/STM32CubeIDE_1.13.0/STM32CubeIDE/plugins/com.st.stm32cube.ide.mcu.externaltools.gnu-tools-for-stm32.11.3.rel1.win32_1.1.0.202305231506/tools/bin/../lib/gcc/arm-none-eabi/11.3.1/thumb/v7e-m+fp/hard/crti.o
 .ARM.attributes
                0x000000000000001e       0x34 C:/ST/STM32CubeIDE_1.13.0/STM32CubeIDE/plugins/com.st.stm32cube.ide.mcu.externaltools.gnu-tools-for-stm32.11.3.rel1.win32_1.1.0.202305231506/tools/bin/../lib/gcc/arm-none-eabi/11.3.1/thumb/v7e-m+fp/hard/crtbegin.o
 .ARM.attributes
                0x0000000000000052       0x34 ./Core/Src/fatfs_sd_card.o
 .ARM.attributes
                0x0000000000000086       0x34 ./Core/Src/main.o
 .ARM.attributes
                0x00000000000000ba       0x34 ./Core/Src/stm32f4xx_hal_msp.o
 .ARM.attributes
                0x00000000000000ee       0x34 ./Core/Src/stm32f4xx_it.o
 .ARM.attributes
                0x0000000000000122       0x34 ./Core/Src/sysmem.o
 .ARM.attributes
                0x0000000000000156       0x34 ./Core/Src/system_stm32f4xx.o
 .ARM.attributes
                0x000000000000018a       0x21 ./Core/Startup/startup_stm32f407vgtx.o
 .ARM.attributes
                0x00000000000001ab       0x34 ./Drivers/STM32F4xx_HAL_Driver/Src/stm32f4xx_hal.o
 .ARM.attributes
                0x00000000000001df       0x34 ./Drivers/STM32F4xx_HAL_Driver/Src/stm32f4xx_hal_cortex.o
 .ARM.attributes
                0x0000000000000213       0x34 ./Drivers/STM32F4xx_HAL_Driver/Src/stm32f4xx_hal_dma.o
 .ARM.attributes
                0x0000000000000247       0x34 ./Drivers/STM32F4xx_HAL_Driver/Src/stm32f4xx_hal_gpio.o
 .ARM.attributes
                0x000000000000027b       0x34 ./Drivers/STM32F4xx_HAL_Driver/Src/stm32f4xx_hal_rcc.o
 .ARM.attributes
                0x00000000000002af       0x34 ./Drivers/STM32F4xx_HAL_Driver/Src/stm32f4xx_hal_rcc_ex.o
 .ARM.attributes
                0x00000000000002e3       0x34 ./Drivers/STM32F4xx_HAL_Driver/Src/stm32f4xx_hal_rtc.o
 .ARM.attributes
                0x0000000000000317       0x34 ./Drivers/STM32F4xx_HAL_Driver/Src/stm32f4xx_hal_spi.o
 .ARM.attributes
                0x000000000000034b       0x34 ./Drivers/STM32F4xx_HAL_Driver/Src/stm32f4xx_hal_uart.o
 .ARM.attributes
                0x000000000000037f       0x34 ./FATFS/App/fatfs.o
 .ARM.attributes
                0x00000000000003b3       0x34 ./FATFS/Target/user_diskio.o
 .ARM.attributes
                0x00000000000003e7       0x34 ./Middlewares/Third_Party/FatFs/src/diskio.o
 .ARM.attributes
                0x000000000000041b       0x34 ./Middlewares/Third_Party/FatFs/src/ff.o
 .ARM.attributes
                0x000000000000044f       0x34 ./Middlewares/Third_Party/FatFs/src/ff_gen_drv.o
 .ARM.attributes
                0x0000000000000483       0x34 ./Middlewares/Third_Party/FatFs/src/option/ccsbcs.o
 .ARM.attributes
                0x00000000000004b7       0x34 C:/ST/STM32CubeIDE_1.13.0/STM32CubeIDE/plugins/com.st.stm32cube.ide.mcu.externaltools.gnu-tools-for-stm32.11.3.rel1.win32_1.1.0.202305231506/tools/bin/../lib/gcc/arm-none-eabi/11.3.1/../../../../arm-none-eabi/lib/thumb/v7e-m+fp/hard\libc_nano.a(libc_a-findfp.o)
 .ARM.attributes
                0x00000000000004eb       0x34 C:/ST/STM32CubeIDE_1.13.0/STM32CubeIDE/plugins/com.st.stm32cube.ide.mcu.externaltools.gnu-tools-for-stm32.11.3.rel1.win32_1.1.0.202305231506/tools/bin/../lib/gcc/arm-none-eabi/11.3.1/../../../../arm-none-eabi/lib/thumb/v7e-m+fp/hard\libc_nano.a(libc_a-sprintf.o)
 .ARM.attributes
                0x000000000000051f       0x34 C:/ST/STM32CubeIDE_1.13.0/STM32CubeIDE/plugins/com.st.stm32cube.ide.mcu.externaltools.gnu-tools-for-stm32.11.3.rel1.win32_1.1.0.202305231506/tools/bin/../lib/gcc/arm-none-eabi/11.3.1/../../../../arm-none-eabi/lib/thumb/v7e-m+fp/hard\libc_nano.a(libc_a-memset.o)
 .ARM.attributes
                0x0000000000000553       0x34 C:/ST/STM32CubeIDE_1.13.0/STM32CubeIDE/plugins/com.st.stm32cube.ide.mcu.externaltools.gnu-tools-for-stm32.11.3.rel1.win32_1.1.0.202305231506/tools/bin/../lib/gcc/arm-none-eabi/11.3.1/../../../../arm-none-eabi/lib/thumb/v7e-m+fp/hard\libc_nano.a(libc_a-strstr.o)
 .ARM.attributes
                0x0000000000000587       0x34 C:/ST/STM32CubeIDE_1.13.0/STM32CubeIDE/plugins/com.st.stm32cube.ide.mcu.externaltools.gnu-tools-for-stm32.11.3.rel1.win32_1.1.0.202305231506/tools/bin/../lib/gcc/arm-none-eabi/11.3.1/../../../../arm-none-eabi/lib/thumb/v7e-m+fp/hard\libc_nano.a(libc_a-reent.o)
 .ARM.attributes
                0x00000000000005bb       0x34 C:/ST/STM32CubeIDE_1.13.0/STM32CubeIDE/plugins/com.st.stm32cube.ide.mcu.externaltools.gnu-tools-for-stm32.11.3.rel1.win32_1.1.0.202305231506/tools/bin/../lib/gcc/arm-none-eabi/11.3.1/../../../../arm-none-eabi/lib/thumb/v7e-m+fp/hard\libc_nano.a(libc_a-impure.o)
 .ARM.attributes
                0x00000000000005ef       0x34 C:/ST/STM32CubeIDE_1.13.0/STM32CubeIDE/plugins/com.st.stm32cube.ide.mcu.externaltools.gnu-tools-for-stm32.11.3.rel1.win32_1.1.0.202305231506/tools/bin/../lib/gcc/arm-none-eabi/11.3.1/../../../../arm-none-eabi/lib/thumb/v7e-m+fp/hard\libc_nano.a(libc_a-errno.o)
 .ARM.attributes
                0x0000000000000623       0x34 C:/ST/STM32CubeIDE_1.13.0/STM32CubeIDE/plugins/com.st.stm32cube.ide.mcu.externaltools.gnu-tools-for-stm32.11.3.rel1.win32_1.1.0.202305231506/tools/bin/../lib/gcc/arm-none-eabi/11.3.1/../../../../arm-none-eabi/lib/thumb/v7e-m+fp/hard\libc_nano.a(libc_a-init.o)
 .ARM.attributes
                0x0000000000000657       0x34 C:/ST/STM32CubeIDE_1.13.0/STM32CubeIDE/plugins/com.st.stm32cube.ide.mcu.externaltools.gnu-tools-for-stm32.11.3.rel1.win32_1.1.0.202305231506/tools/bin/../lib/gcc/arm-none-eabi/11.3.1/../../../../arm-none-eabi/lib/thumb/v7e-m+fp/hard\libc_nano.a(libc_a-lock.o)
 .ARM.attributes
                0x000000000000068b       0x1c C:/ST/STM32CubeIDE_1.13.0/STM32CubeIDE/plugins/com.st.stm32cube.ide.mcu.externaltools.gnu-tools-for-stm32.11.3.rel1.win32_1.1.0.202305231506/tools/bin/../lib/gcc/arm-none-eabi/11.3.1/../../../../arm-none-eabi/lib/thumb/v7e-m+fp/hard\libc_nano.a(libc_a-strcmp.o)
 .ARM.attributes
                0x00000000000006a7       0x17 C:/ST/STM32CubeIDE_1.13.0/STM32CubeIDE/plugins/com.st.stm32cube.ide.mcu.externaltools.gnu-tools-for-stm32.11.3.rel1.win32_1.1.0.202305231506/tools/bin/../lib/gcc/arm-none-eabi/11.3.1/../../../../arm-none-eabi/lib/thumb/v7e-m+fp/hard\libc_nano.a(libc_a-strlen.o)
 .ARM.attributes
                0x00000000000006be       0x34 C:/ST/STM32CubeIDE_1.13.0/STM32CubeIDE/plugins/com.st.stm32cube.ide.mcu.externaltools.gnu-tools-for-stm32.11.3.rel1.win32_1.1.0.202305231506/tools/bin/../lib/gcc/arm-none-eabi/11.3.1/../../../../arm-none-eabi/lib/thumb/v7e-m+fp/hard\libc_nano.a(libc_a-freer.o)
 .ARM.attributes
                0x00000000000006f2       0x34 C:/ST/STM32CubeIDE_1.13.0/STM32CubeIDE/plugins/com.st.stm32cube.ide.mcu.externaltools.gnu-tools-for-stm32.11.3.rel1.win32_1.1.0.202305231506/tools/bin/../lib/gcc/arm-none-eabi/11.3.1/../../../../arm-none-eabi/lib/thumb/v7e-m+fp/hard\libc_nano.a(libc_a-mallocr.o)
 .ARM.attributes
                0x0000000000000726       0x34 C:/ST/STM32CubeIDE_1.13.0/STM32CubeIDE/plugins/com.st.stm32cube.ide.mcu.externaltools.gnu-tools-for-stm32.11.3.rel1.win32_1.1.0.202305231506/tools/bin/../lib/gcc/arm-none-eabi/11.3.1/../../../../arm-none-eabi/lib/thumb/v7e-m+fp/hard\libc_nano.a(libc_a-mlock.o)
 .ARM.attributes
                0x000000000000075a       0x34 C:/ST/STM32CubeIDE_1.13.0/STM32CubeIDE/plugins/com.st.stm32cube.ide.mcu.externaltools.gnu-tools-for-stm32.11.3.rel1.win32_1.1.0.202305231506/tools/bin/../lib/gcc/arm-none-eabi/11.3.1/../../../../arm-none-eabi/lib/thumb/v7e-m+fp/hard\libc_nano.a(libc_a-nano-svfprintf.o)
 .ARM.attributes
                0x000000000000078e       0x34 C:/ST/STM32CubeIDE_1.13.0/STM32CubeIDE/plugins/com.st.stm32cube.ide.mcu.externaltools.gnu-tools-for-stm32.11.3.rel1.win32_1.1.0.202305231506/tools/bin/../lib/gcc/arm-none-eabi/11.3.1/../../../../arm-none-eabi/lib/thumb/v7e-m+fp/hard\libc_nano.a(libc_a-nano-vfprintf_i.o)
 .ARM.attributes
                0x00000000000007c2       0x34 C:/ST/STM32CubeIDE_1.13.0/STM32CubeIDE/plugins/com.st.stm32cube.ide.mcu.externaltools.gnu-tools-for-stm32.11.3.rel1.win32_1.1.0.202305231506/tools/bin/../lib/gcc/arm-none-eabi/11.3.1/../../../../arm-none-eabi/lib/thumb/v7e-m+fp/hard\libc_nano.a(libc_a-memmove.o)
 .ARM.attributes
                0x00000000000007f6       0x34 C:/ST/STM32CubeIDE_1.13.0/STM32CubeIDE/plugins/com.st.stm32cube.ide.mcu.externaltools.gnu-tools-for-stm32.11.3.rel1.win32_1.1.0.202305231506/tools/bin/../lib/gcc/arm-none-eabi/11.3.1/../../../../arm-none-eabi/lib/thumb/v7e-m+fp/hard\libc_nano.a(libc_a-sbrkr.o)
 .ARM.attributes
                0x000000000000082a       0x1c C:/ST/STM32CubeIDE_1.13.0/STM32CubeIDE/plugins/com.st.stm32cube.ide.mcu.externaltools.gnu-tools-for-stm32.11.3.rel1.win32_1.1.0.202305231506/tools/bin/../lib/gcc/arm-none-eabi/11.3.1/../../../../arm-none-eabi/lib/thumb/v7e-m+fp/hard\libc_nano.a(libc_a-memchr.o)
 .ARM.attributes
                0x0000000000000846       0x34 C:/ST/STM32CubeIDE_1.13.0/STM32CubeIDE/plugins/com.st.stm32cube.ide.mcu.externaltools.gnu-tools-for-stm32.11.3.rel1.win32_1.1.0.202305231506/tools/bin/../lib/gcc/arm-none-eabi/11.3.1/../../../../arm-none-eabi/lib/thumb/v7e-m+fp/hard\libc_nano.a(libc_a-memcpy-stub.o)
 .ARM.attributes
                0x000000000000087a       0x34 C:/ST/STM32CubeIDE_1.13.0/STM32CubeIDE/plugins/com.st.stm32cube.ide.mcu.externaltools.gnu-tools-for-stm32.11.3.rel1.win32_1.1.0.202305231506/tools/bin/../lib/gcc/arm-none-eabi/11.3.1/../../../../arm-none-eabi/lib/thumb/v7e-m+fp/hard\libc_nano.a(libc_a-reallocr.o)
 .ARM.attributes
                0x00000000000008ae       0x34 C:/ST/STM32CubeIDE_1.13.0/STM32CubeIDE/plugins/com.st.stm32cube.ide.mcu.externaltools.gnu-tools-for-stm32.11.3.rel1.win32_1.1.0.202305231506/tools/bin/../lib/gcc/arm-none-eabi/11.3.1/../../../../arm-none-eabi/lib/thumb/v7e-m+fp/hard\libc_nano.a(libc_a-msizer.o)
 .ARM.attributes
                0x00000000000008e2       0x1e C:/ST/STM32CubeIDE_1.13.0/STM32CubeIDE/plugins/com.st.stm32cube.ide.mcu.externaltools.gnu-tools-for-stm32.11.3.rel1.win32_1.1.0.202305231506/tools/bin/../lib/gcc/arm-none-eabi/11.3.1/thumb/v7e-m+fp/hard\libgcc.a(_aeabi_uldivmod.o)
 .ARM.attributes
                0x0000000000000900       0x34 C:/ST/STM32CubeIDE_1.13.0/STM32CubeIDE/plugins/com.st.stm32cube.ide.mcu.externaltools.gnu-tools-for-stm32.11.3.rel1.win32_1.1.0.202305231506/tools/bin/../lib/gcc/arm-none-eabi/11.3.1/thumb/v7e-m+fp/hard\libgcc.a(_udivmoddi4.o)
 .ARM.attributes
                0x0000000000000934       0x1e C:/ST/STM32CubeIDE_1.13.0/STM32CubeIDE/plugins/com.st.stm32cube.ide.mcu.externaltools.gnu-tools-for-stm32.11.3.rel1.win32_1.1.0.202305231506/tools/bin/../lib/gcc/arm-none-eabi/11.3.1/thumb/v7e-m+fp/hard\libgcc.a(_dvmd_tls.o)
 .ARM.attributes
                0x0000000000000952       0x1e C:/ST/STM32CubeIDE_1.13.0/STM32CubeIDE/plugins/com.st.stm32cube.ide.mcu.externaltools.gnu-tools-for-stm32.11.3.rel1.win32_1.1.0.202305231506/tools/bin/../lib/gcc/arm-none-eabi/11.3.1/thumb/v7e-m+fp/hard/crtn.o
OUTPUT(ituart.elf elf32-littlearm)
LOAD linker stubs
LOAD C:/ST/STM32CubeIDE_1.13.0/STM32CubeIDE/plugins/com.st.stm32cube.ide.mcu.externaltools.gnu-tools-for-stm32.11.3.rel1.win32_1.1.0.202305231506/tools/bin/../lib/gcc/arm-none-eabi/11.3.1/../../../../arm-none-eabi/lib/thumb/v7e-m+fp/hard\libc.a
LOAD C:/ST/STM32CubeIDE_1.13.0/STM32CubeIDE/plugins/com.st.stm32cube.ide.mcu.externaltools.gnu-tools-for-stm32.11.3.rel1.win32_1.1.0.202305231506/tools/bin/../lib/gcc/arm-none-eabi/11.3.1/../../../../arm-none-eabi/lib/thumb/v7e-m+fp/hard\libm.a
LOAD C:/ST/STM32CubeIDE_1.13.0/STM32CubeIDE/plugins/com.st.stm32cube.ide.mcu.externaltools.gnu-tools-for-stm32.11.3.rel1.win32_1.1.0.202305231506/tools/bin/../lib/gcc/arm-none-eabi/11.3.1/thumb/v7e-m+fp/hard\libgcc.a

.comment        0x0000000000000000       0x43
 .comment       0x0000000000000000       0x43 C:/ST/STM32CubeIDE_1.13.0/STM32CubeIDE/plugins/com.st.stm32cube.ide.mcu.externaltools.gnu-tools-for-stm32.11.3.rel1.win32_1.1.0.202305231506/tools/bin/../lib/gcc/arm-none-eabi/11.3.1/thumb/v7e-m+fp/hard/crtbegin.o
                                         0x44 (size before relaxing)
 .comment       0x0000000000000043       0x44 ./Core/Src/fatfs_sd_card.o
 .comment       0x0000000000000043       0x44 ./Core/Src/main.o
 .comment       0x0000000000000043       0x44 ./Core/Src/stm32f4xx_hal_msp.o
 .comment       0x0000000000000043       0x44 ./Core/Src/stm32f4xx_it.o
 .comment       0x0000000000000043       0x44 ./Core/Src/sysmem.o
 .comment       0x0000000000000043       0x44 ./Core/Src/system_stm32f4xx.o
 .comment       0x0000000000000043       0x44 ./Drivers/STM32F4xx_HAL_Driver/Src/stm32f4xx_hal.o
 .comment       0x0000000000000043       0x44 ./Drivers/STM32F4xx_HAL_Driver/Src/stm32f4xx_hal_cortex.o
 .comment       0x0000000000000043       0x44 ./Drivers/STM32F4xx_HAL_Driver/Src/stm32f4xx_hal_dma.o
 .comment       0x0000000000000043       0x44 ./Drivers/STM32F4xx_HAL_Driver/Src/stm32f4xx_hal_gpio.o
 .comment       0x0000000000000043       0x44 ./Drivers/STM32F4xx_HAL_Driver/Src/stm32f4xx_hal_rcc.o
 .comment       0x0000000000000043       0x44 ./Drivers/STM32F4xx_HAL_Driver/Src/stm32f4xx_hal_rcc_ex.o
 .comment       0x0000000000000043       0x44 ./Drivers/STM32F4xx_HAL_Driver/Src/stm32f4xx_hal_rtc.o
 .comment       0x0000000000000043       0x44 ./Drivers/STM32F4xx_HAL_Driver/Src/stm32f4xx_hal_spi.o
 .comment       0x0000000000000043       0x44 ./Drivers/STM32F4xx_HAL_Driver/Src/stm32f4xx_hal_uart.o
 .comment       0x0000000000000043       0x44 ./FATFS/App/fatfs.o
 .comment       0x0000000000000043       0x44 ./FATFS/Target/user_diskio.o
 .comment       0x0000000000000043       0x44 ./Middlewares/Third_Party/FatFs/src/diskio.o
 .comment       0x0000000000000043       0x44 ./Middlewares/Third_Party/FatFs/src/ff.o
 .comment       0x0000000000000043       0x44 ./Middlewares/Third_Party/FatFs/src/ff_gen_drv.o
 .comment       0x0000000000000043       0x44 ./Middlewares/Third_Party/FatFs/src/option/ccsbcs.o

.debug_info     0x0000000000000000    0x103a1
 .debug_info    0x0000000000000000      0xc35 ./Core/Src/fatfs_sd_card.o
 .debug_info    0x0000000000000c35     0x19c8 ./Core/Src/main.o
 .debug_info    0x00000000000025fd     0x132d ./Core/Src/stm32f4xx_hal_msp.o
 .debug_info    0x000000000000392a      0x630 ./Core/Src/stm32f4xx_it.o
 .debug_info    0x0000000000003f5a      0x168 ./Core/Src/sysmem.o
 .debug_info    0x00000000000040c2      0x512 ./Core/Src/system_stm32f4xx.o
 .debug_info    0x00000000000045d4       0x23 ./Core/Startup/startup_stm32f407vgtx.o
 .debug_info    0x00000000000045f7      0x948 ./Drivers/STM32F4xx_HAL_Driver/Src/stm32f4xx_hal.o
 .debug_info    0x0000000000004f3f      0xd46 ./Drivers/STM32F4xx_HAL_Driver/Src/stm32f4xx_hal_cortex.o
 .debug_info    0x0000000000005c85      0x8e7 ./Drivers/STM32F4xx_HAL_Driver/Src/stm32f4xx_hal_dma.o
 .debug_info    0x000000000000656c      0x6c3 ./Drivers/STM32F4xx_HAL_Driver/Src/stm32f4xx_hal_gpio.o
 .debug_info    0x0000000000006c2f      0x8b1 ./Drivers/STM32F4xx_HAL_Driver/Src/stm32f4xx_hal_rcc.o
 .debug_info    0x00000000000074e0      0x53a ./Drivers/STM32F4xx_HAL_Driver/Src/stm32f4xx_hal_rcc_ex.o
 .debug_info    0x0000000000007a1a      0xc21 ./Drivers/STM32F4xx_HAL_Driver/Src/stm32f4xx_hal_rtc.o
 .debug_info    0x000000000000863b     0x15fb ./Drivers/STM32F4xx_HAL_Driver/Src/stm32f4xx_hal_spi.o
 .debug_info    0x0000000000009c36     0x2fb8 ./Drivers/STM32F4xx_HAL_Driver/Src/stm32f4xx_hal_uart.o
 .debug_info    0x000000000000cbee      0x508 ./FATFS/App/fatfs.o
 .debug_info    0x000000000000d0f6      0x3a5 ./FATFS/Target/user_diskio.o
 .debug_info    0x000000000000d49b      0x3df ./Middlewares/Third_Party/FatFs/src/diskio.o
 .debug_info    0x000000000000d87a     0x25ef ./Middlewares/Third_Party/FatFs/src/ff.o
 .debug_info    0x000000000000fe69      0x37f ./Middlewares/Third_Party/FatFs/src/ff_gen_drv.o
 .debug_info    0x00000000000101e8      0x1b9 ./Middlewares/Third_Party/FatFs/src/option/ccsbcs.o

.debug_abbrev   0x0000000000000000     0x2a44
 .debug_abbrev  0x0000000000000000      0x2ee ./Core/Src/fatfs_sd_card.o
 .debug_abbrev  0x00000000000002ee      0x32d ./Core/Src/main.o
 .debug_abbrev  0x000000000000061b      0x239 ./Core/Src/stm32f4xx_hal_msp.o
 .debug_abbrev  0x0000000000000854      0x176 ./Core/Src/stm32f4xx_it.o
 .debug_abbrev  0x00000000000009ca       0xbc ./Core/Src/sysmem.o
 .debug_abbrev  0x0000000000000a86      0x11a ./Core/Src/system_stm32f4xx.o
 .debug_abbrev  0x0000000000000ba0       0x12 ./Core/Startup/startup_stm32f407vgtx.o
 .debug_abbrev  0x0000000000000bb2      0x213 ./Drivers/STM32F4xx_HAL_Driver/Src/stm32f4xx_hal.o
 .debug_abbrev  0x0000000000000dc5      0x327 ./Drivers/STM32F4xx_HAL_Driver/Src/stm32f4xx_hal_cortex.o
 .debug_abbrev  0x00000000000010ec      0x264 ./Drivers/STM32F4xx_HAL_Driver/Src/stm32f4xx_hal_dma.o
 .debug_abbrev  0x0000000000001350      0x1d4 ./Drivers/STM32F4xx_HAL_Driver/Src/stm32f4xx_hal_gpio.o
 .debug_abbrev  0x0000000000001524      0x2b6 ./Drivers/STM32F4xx_HAL_Driver/Src/stm32f4xx_hal_rcc.o
 .debug_abbrev  0x00000000000017da      0x1af ./Drivers/STM32F4xx_HAL_Driver/Src/stm32f4xx_hal_rcc_ex.o
 .debug_abbrev  0x0000000000001989      0x1ff ./Drivers/STM32F4xx_HAL_Driver/Src/stm32f4xx_hal_rtc.o
 .debug_abbrev  0x0000000000001b88      0x284 ./Drivers/STM32F4xx_HAL_Driver/Src/stm32f4xx_hal_spi.o
 .debug_abbrev  0x0000000000001e0c      0x30e ./Drivers/STM32F4xx_HAL_Driver/Src/stm32f4xx_hal_uart.o
 .debug_abbrev  0x000000000000211a      0x15e ./FATFS/App/fatfs.o
 .debug_abbrev  0x0000000000002278      0x144 ./FATFS/Target/user_diskio.o
 .debug_abbrev  0x00000000000023bc      0x181 ./Middlewares/Third_Party/FatFs/src/diskio.o
 .debug_abbrev  0x000000000000253d      0x28a ./Middlewares/Third_Party/FatFs/src/ff.o
 .debug_abbrev  0x00000000000027c7      0x19f ./Middlewares/Third_Party/FatFs/src/ff_gen_drv.o
 .debug_abbrev  0x0000000000002966       0xde ./Middlewares/Third_Party/FatFs/src/option/ccsbcs.o

.debug_aranges  0x0000000000000000      0xe00
 .debug_aranges
                0x0000000000000000       0xa8 ./Core/Src/fatfs_sd_card.o
 .debug_aranges
                0x00000000000000a8       0x70 ./Core/Src/main.o
 .debug_aranges
                0x0000000000000118       0x50 ./Core/Src/stm32f4xx_hal_msp.o
 .debug_aranges
                0x0000000000000168       0x68 ./Core/Src/stm32f4xx_it.o
 .debug_aranges
                0x00000000000001d0       0x20 ./Core/Src/sysmem.o
 .debug_aranges
                0x00000000000001f0       0x28 ./Core/Src/system_stm32f4xx.o
 .debug_aranges
                0x0000000000000218       0x28 ./Core/Startup/startup_stm32f407vgtx.o
 .debug_aranges
                0x0000000000000240       0xf0 ./Drivers/STM32F4xx_HAL_Driver/Src/stm32f4xx_hal.o
 .debug_aranges
                0x0000000000000330      0x118 ./Drivers/STM32F4xx_HAL_Driver/Src/stm32f4xx_hal_cortex.o
 .debug_aranges
                0x0000000000000448       0x90 ./Drivers/STM32F4xx_HAL_Driver/Src/stm32f4xx_hal_dma.o
 .debug_aranges
                0x00000000000004d8       0x58 ./Drivers/STM32F4xx_HAL_Driver/Src/stm32f4xx_hal_gpio.o
 .debug_aranges
                0x0000000000000530       0x88 ./Drivers/STM32F4xx_HAL_Driver/Src/stm32f4xx_hal_rcc.o
 .debug_aranges
                0x00000000000005b8       0x48 ./Drivers/STM32F4xx_HAL_Driver/Src/stm32f4xx_hal_rcc_ex.o
 .debug_aranges
                0x0000000000000600       0xe8 ./Drivers/STM32F4xx_HAL_Driver/Src/stm32f4xx_hal_rtc.o
 .debug_aranges
                0x00000000000006e8      0x1d0 ./Drivers/STM32F4xx_HAL_Driver/Src/stm32f4xx_hal_spi.o
 .debug_aranges
                0x00000000000008b8      0x200 ./Drivers/STM32F4xx_HAL_Driver/Src/stm32f4xx_hal_uart.o
 .debug_aranges
                0x0000000000000ab8       0x28 ./FATFS/App/fatfs.o
 .debug_aranges
                0x0000000000000ae0       0x40 ./FATFS/Target/user_diskio.o
 .debug_aranges
                0x0000000000000b20       0x48 ./Middlewares/Third_Party/FatFs/src/diskio.o
 .debug_aranges
                0x0000000000000b68      0x230 ./Middlewares/Third_Party/FatFs/src/ff.o
 .debug_aranges
                0x0000000000000d98       0x40 ./Middlewares/Third_Party/FatFs/src/ff_gen_drv.o
 .debug_aranges
                0x0000000000000dd8       0x28 ./Middlewares/Third_Party/FatFs/src/option/ccsbcs.o

.debug_rnglists
                0x0000000000000000      0xabe
 .debug_rnglists
                0x0000000000000000       0x80 ./Core/Src/fatfs_sd_card.o
 .debug_rnglists
                0x0000000000000080       0x54 ./Core/Src/main.o
 .debug_rnglists
                0x00000000000000d4       0x39 ./Core/Src/stm32f4xx_hal_msp.o
 .debug_rnglists
                0x000000000000010d       0x49 ./Core/Src/stm32f4xx_it.o
 .debug_rnglists
                0x0000000000000156       0x13 ./Core/Src/sysmem.o
 .debug_rnglists
                0x0000000000000169       0x1a ./Core/Src/system_stm32f4xx.o
 .debug_rnglists
                0x0000000000000183       0x19 ./Core/Startup/startup_stm32f407vgtx.o
 .debug_rnglists
                0x000000000000019c       0xaf ./Drivers/STM32F4xx_HAL_Driver/Src/stm32f4xx_hal.o
 .debug_rnglists
                0x000000000000024b       0xce ./Drivers/STM32F4xx_HAL_Driver/Src/stm32f4xx_hal_cortex.o
 .debug_rnglists
                0x0000000000000319       0x70 ./Drivers/STM32F4xx_HAL_Driver/Src/stm32f4xx_hal_dma.o
 .debug_rnglists
                0x0000000000000389       0x3f ./Drivers/STM32F4xx_HAL_Driver/Src/stm32f4xx_hal_gpio.o
 .debug_rnglists
                0x00000000000003c8       0x66 ./Drivers/STM32F4xx_HAL_Driver/Src/stm32f4xx_hal_rcc.o
 .debug_rnglists
                0x000000000000042e       0x35 ./Drivers/STM32F4xx_HAL_Driver/Src/stm32f4xx_hal_rcc_ex.o
 .debug_rnglists
                0x0000000000000463       0xb4 ./Drivers/STM32F4xx_HAL_Driver/Src/stm32f4xx_hal_rtc.o
 .debug_rnglists
                0x0000000000000517      0x16f ./Drivers/STM32F4xx_HAL_Driver/Src/stm32f4xx_hal_spi.o
 .debug_rnglists
                0x0000000000000686      0x1b7 ./Drivers/STM32F4xx_HAL_Driver/Src/stm32f4xx_hal_uart.o
 .debug_rnglists
                0x000000000000083d       0x19 ./FATFS/App/fatfs.o
 .debug_rnglists
                0x0000000000000856       0x2b ./FATFS/Target/user_diskio.o
 .debug_rnglists
                0x0000000000000881       0x31 ./Middlewares/Third_Party/FatFs/src/diskio.o
 .debug_rnglists
                0x00000000000008b2      0x1c6 ./Middlewares/Third_Party/FatFs/src/ff.o
 .debug_rnglists
                0x0000000000000a78       0x2c ./Middlewares/Third_Party/FatFs/src/ff_gen_drv.o
 .debug_rnglists
                0x0000000000000aa4       0x1a ./Middlewares/Third_Party/FatFs/src/option/ccsbcs.o

.debug_macro    0x0000000000000000    0x2317a
 .debug_macro   0x0000000000000000      0x210 ./Core/Src/fatfs_sd_card.o
 .debug_macro   0x0000000000000210      0xaa8 ./Core/Src/fatfs_sd_card.o
 .debug_macro   0x0000000000000cb8      0x2a1 ./Core/Src/fatfs_sd_card.o
 .debug_macro   0x0000000000000f59       0x2e ./Core/Src/fatfs_sd_card.o
 .debug_macro   0x0000000000000f87       0x2f ./Core/Src/fatfs_sd_card.o
 .debug_macro   0x0000000000000fb6       0x22 ./Core/Src/fatfs_sd_card.o
 .debug_macro   0x0000000000000fd8       0x8e ./Core/Src/fatfs_sd_card.o
 .debug_macro   0x0000000000001066       0x51 ./Core/Src/fatfs_sd_card.o
 .debug_macro   0x00000000000010b7      0x103 ./Core/Src/fatfs_sd_card.o
 .debug_macro   0x00000000000011ba       0x6a ./Core/Src/fatfs_sd_card.o
 .debug_macro   0x0000000000001224      0x1df ./Core/Src/fatfs_sd_card.o
 .debug_macro   0x0000000000001403       0x1c ./Core/Src/fatfs_sd_card.o
 .debug_macro   0x000000000000141f       0x22 ./Core/Src/fatfs_sd_card.o
 .debug_macro   0x0000000000001441       0xd9 ./Core/Src/fatfs_sd_card.o
 .debug_macro   0x000000000000151a     0x102d ./Core/Src/fatfs_sd_card.o
 .debug_macro   0x0000000000002547      0x11f ./Core/Src/fatfs_sd_card.o
 .debug_macro   0x0000000000002666    0x15e82 ./Core/Src/fatfs_sd_card.o
 .debug_macro   0x00000000000184e8       0x6d ./Core/Src/fatfs_sd_card.o
 .debug_macro   0x0000000000018555     0x367e ./Core/Src/fatfs_sd_card.o
 .debug_macro   0x000000000001bbd3      0x174 ./Core/Src/fatfs_sd_card.o
 .debug_macro   0x000000000001bd47       0x5c ./Core/Src/fatfs_sd_card.o
 .debug_macro   0x000000000001bda3      0x96b ./Core/Src/fatfs_sd_card.o
 .debug_macro   0x000000000001c70e      0x9fe ./Core/Src/fatfs_sd_card.o
 .debug_macro   0x000000000001d10c      0x115 ./Core/Src/fatfs_sd_card.o
 .debug_macro   0x000000000001d221      0x13e ./Core/Src/fatfs_sd_card.o
 .debug_macro   0x000000000001d35f       0xa5 ./Core/Src/fatfs_sd_card.o
 .debug_macro   0x000000000001d404      0x174 ./Core/Src/fatfs_sd_card.o
 .debug_macro   0x000000000001d578      0x287 ./Core/Src/fatfs_sd_card.o
 .debug_macro   0x000000000001d7ff       0x5f ./Core/Src/fatfs_sd_card.o
 .debug_macro   0x000000000001d85e      0x236 ./Core/Src/fatfs_sd_card.o
 .debug_macro   0x000000000001da94      0x12c ./Core/Src/fatfs_sd_card.o
 .debug_macro   0x000000000001dbc0      0x21e ./Core/Src/fatfs_sd_card.o
 .debug_macro   0x000000000001ddde       0x2e ./Core/Src/fatfs_sd_card.o
 .debug_macro   0x000000000001de0c      0x11a ./Core/Src/fatfs_sd_card.o
 .debug_macro   0x000000000001df26       0x7e ./Core/Src/fatfs_sd_card.o
 .debug_macro   0x000000000001dfa4       0x89 ./Core/Src/fatfs_sd_card.o
 .debug_macro   0x000000000001e02d      0x305 ./Core/Src/fatfs_sd_card.o
 .debug_macro   0x000000000001e332      0x452 ./Core/Src/fatfs_sd_card.o
 .debug_macro   0x000000000001e784       0xe4 ./Core/Src/fatfs_sd_card.o
 .debug_macro   0x000000000001e868      0x225 ./Core/Src/fatfs_sd_card.o
 .debug_macro   0x000000000001ea8d      0x295 ./Core/Src/fatfs_sd_card.o
 .debug_macro   0x000000000001ed22      0x12d ./Core/Src/fatfs_sd_card.o
 .debug_macro   0x000000000001ee4f       0x16 ./Core/Src/fatfs_sd_card.o
 .debug_macro   0x000000000001ee65       0x7c ./Core/Src/fatfs_sd_card.o
 .debug_macro   0x000000000001eee1       0x9a ./Core/Src/fatfs_sd_card.o
 .debug_macro   0x000000000001ef7b      0x373 ./Core/Src/main.o
 .debug_macro   0x000000000001f2ee       0xeb ./Core/Src/main.o
 .debug_macro   0x000000000001f3d9       0x2a ./Core/Src/main.o
 .debug_macro   0x000000000001f403       0x61 ./Core/Src/main.o
 .debug_macro   0x000000000001f464       0x43 ./Core/Src/main.o
 .debug_macro   0x000000000001f4a7       0x34 ./Core/Src/main.o
 .debug_macro   0x000000000001f4db       0x16 ./Core/Src/main.o
 .debug_macro   0x000000000001f4f1       0x35 ./Core/Src/main.o
 .debug_macro   0x000000000001f526       0x16 ./Core/Src/main.o
 .debug_macro   0x000000000001f53c       0x43 ./Core/Src/main.o
 .debug_macro   0x000000000001f57f       0x34 ./Core/Src/main.o
 .debug_macro   0x000000000001f5b3       0x10 ./Core/Src/main.o
 .debug_macro   0x000000000001f5c3       0x58 ./Core/Src/main.o
 .debug_macro   0x000000000001f61b       0x8e ./Core/Src/main.o
 .debug_macro   0x000000000001f6a9       0x1c ./Core/Src/main.o
 .debug_macro   0x000000000001f6c5      0x177 ./Core/Src/main.o
 .debug_macro   0x000000000001f83c      0x369 ./Core/Src/main.o
 .debug_macro   0x000000000001fba5       0x16 ./Core/Src/main.o
 .debug_macro   0x000000000001fbbb       0x29 ./Core/Src/main.o
 .debug_macro   0x000000000001fbe4       0x12 ./Core/Src/main.o
 .debug_macro   0x000000000001fbf6       0xe2 ./Core/Src/main.o
 .debug_macro   0x000000000001fcd8       0x8e ./Core/Src/main.o
 .debug_macro   0x000000000001fd66       0x16 ./Core/Src/main.o
 .debug_macro   0x000000000001fd7c       0x20 ./Core/Src/main.o
 .debug_macro   0x000000000001fd9c       0x22 ./Core/Src/main.o
 .debug_macro   0x000000000001fdbe       0x1c ./Core/Src/main.o
 .debug_macro   0x000000000001fdda       0x10 ./Core/Src/main.o
 .debug_macro   0x000000000001fdea       0x1c ./Core/Src/main.o
 .debug_macro   0x000000000001fe06       0x16 ./Core/Src/main.o
 .debug_macro   0x000000000001fe1c      0x147 ./Core/Src/main.o
 .debug_macro   0x000000000001ff63      0x1e7 ./Core/Src/stm32f4xx_hal_msp.o
 .debug_macro   0x000000000002014a      0x1f1 ./Core/Src/stm32f4xx_it.o
 .debug_macro   0x000000000002033b       0xff ./Core/Src/sysmem.o
 .debug_macro   0x000000000002043a      0x23c ./Core/Src/sysmem.o
 .debug_macro   0x0000000000020676      0x1dd ./Core/Src/system_stm32f4xx.o
 .debug_macro   0x0000000000020853      0x23d ./Drivers/STM32F4xx_HAL_Driver/Src/stm32f4xx_hal.o
 .debug_macro   0x0000000000020a90      0x1dd ./Drivers/STM32F4xx_HAL_Driver/Src/stm32f4xx_hal_cortex.o
 .debug_macro   0x0000000000020c6d      0x1e3 ./Drivers/STM32F4xx_HAL_Driver/Src/stm32f4xx_hal_dma.o
 .debug_macro   0x0000000000020e50      0x1e3 ./Drivers/STM32F4xx_HAL_Driver/Src/stm32f4xx_hal_gpio.o
 .debug_macro   0x0000000000021033      0x201 ./Drivers/STM32F4xx_HAL_Driver/Src/stm32f4xx_hal_rcc.o
 .debug_macro   0x0000000000021234      0x1dd ./Drivers/STM32F4xx_HAL_Driver/Src/stm32f4xx_hal_rcc_ex.o
 .debug_macro   0x0000000000021411      0x1de ./Drivers/STM32F4xx_HAL_Driver/Src/stm32f4xx_hal_rtc.o
 .debug_macro   0x00000000000215ef      0x1ec ./Drivers/STM32F4xx_HAL_Driver/Src/stm32f4xx_hal_spi.o
 .debug_macro   0x00000000000217db      0x1de ./Drivers/STM32F4xx_HAL_Driver/Src/stm32f4xx_hal_uart.o
 .debug_macro   0x00000000000219b9      0x30c ./FATFS/App/fatfs.o
 .debug_macro   0x0000000000021cc5       0xe5 ./FATFS/App/fatfs.o
 .debug_macro   0x0000000000021daa      0x332 ./FATFS/Target/user_diskio.o
 .debug_macro   0x00000000000220dc       0x10 ./FATFS/Target/user_diskio.o
 .debug_macro   0x00000000000220ec       0x56 ./FATFS/Target/user_diskio.o
 .debug_macro   0x0000000000022142      0x2f9 ./Middlewares/Third_Party/FatFs/src/diskio.o
 .debug_macro   0x000000000002243b      0x707 ./Middlewares/Third_Party/FatFs/src/ff.o
 .debug_macro   0x0000000000022b42       0x58 ./Middlewares/Third_Party/FatFs/src/ff.o
 .debug_macro   0x0000000000022b9a      0x2f9 ./Middlewares/Third_Party/FatFs/src/ff_gen_drv.o
 .debug_macro   0x0000000000022e93      0x2e7 ./Middlewares/Third_Party/FatFs/src/option/ccsbcs.o

.debug_line     0x0000000000000000    0x14ba8
 .debug_line    0x0000000000000000      0xe78 ./Core/Src/fatfs_sd_card.o
 .debug_line    0x0000000000000e78      0xd18 ./Core/Src/main.o
 .debug_line    0x0000000000001b90      0x86b ./Core/Src/stm32f4xx_hal_msp.o