../Core/Src/main.c:73:6:UartBufferReset	16	static
../Core/Src/main.c:80:6:send_uart	16	static
../Core/Src/main.c:96:5:main	24	static
../Core/Src/main.c:292:6:SystemClock_Config	88	static
../Core/Src/main.c:339:13:MX_RTC_Init	32	static
../Core/Src/main.c:402:13:MX_SPI2_Init	8	static
../Core/Src/main.c:440:13:MX_UART5_Init	8	static
../Core/Src/main.c:473:13:MX_GPIO_Init	48	static
../Core/Src/main.c:511:6:HAL_UART_RxCpltCallback	16	static
../Core/Src/main.c:550:6:process_SD_card	8416	static
../Core/Src/main.c:622:6:Error_Handler	4	static,ignoring_inline_asm
